<?xml version="1.0" encoding="ISO-8859-1" ?>
<link_info>
   <banner>TI ARM Linker PC v20.2.3.LTS</banner>
   <copyright>Copyright (c) 1996-2018 Texas Instruments Incorporated</copyright>
   <link_time>0x5fcab168</link_time>
   <link_errors>0x0</link_errors>
   <output_file>final_project_ccs.out</output_file>
   <entry_point>
      <name>_c_int00_noargs</name>
      <address>0x3cd9</address>
   </entry_point>
   <input_file_list>
      <input_file id="fl-2">
         <path>.\</path>
         <kind>object</kind>
         <file>Actions.obj</file>
         <name>Actions.obj</name>
      </input_file>
      <input_file id="fl-3">
         <path>.\</path>
         <kind>object</kind>
         <file>Emotion.obj</file>
         <name>Emotion.obj</name>
      </input_file>
      <input_file id="fl-4">
         <path>.\</path>
         <kind>object</kind>
         <file>Piezo.obj</file>
         <name>Piezo.obj</name>
      </input_file>
      <input_file id="fl-5">
         <path>.\</path>
         <kind>object</kind>
         <file>Range.obj</file>
         <name>Range.obj</name>
      </input_file>
      <input_file id="fl-6">
         <path>.\</path>
         <kind>object</kind>
         <file>i2c.obj</file>
         <name>i2c.obj</name>
      </input_file>
      <input_file id="fl-7">
         <path>.\</path>
         <kind>object</kind>
         <file>main.obj</file>
         <name>main.obj</name>
      </input_file>
      <input_file id="fl-8">
         <path>.\</path>
         <kind>object</kind>
         <file>oled.obj</file>
         <name>oled.obj</name>
      </input_file>
      <input_file id="fl-9">
         <path>.\</path>
         <kind>object</kind>
         <file>pca9685.obj</file>
         <name>pca9685.obj</name>
      </input_file>
      <input_file id="fl-a">
         <path>.\</path>
         <kind>object</kind>
         <file>servo.obj</file>
         <name>servo.obj</name>
      </input_file>
      <input_file id="fl-b">
         <path>.\</path>
         <kind>object</kind>
         <file>stIMU.obj</file>
         <name>stIMU.obj</name>
      </input_file>
      <input_file id="fl-c">
         <path>.\</path>
         <kind>object</kind>
         <file>startup_msp432p401r_ccs.obj</file>
         <name>startup_msp432p401r_ccs.obj</name>
      </input_file>
      <input_file id="fl-d">
         <path>.\</path>
         <kind>object</kind>
         <file>system_msp432p401r.obj</file>
         <name>system_msp432p401r.obj</name>
      </input_file>
      <input_file id="fl-e">
         <path>.\</path>
         <kind>object</kind>
         <file>thermistor.obj</file>
         <name>thermistor.obj</name>
      </input_file>
      <input_file id="fl-12">
         <kind>object</kind>
         <file>&lt;internal&gt;</file>
         <name>&lt;internal&gt;</name>
      </input_file>
      <input_file id="fl-c8">
         <path>C:\ti\ccs1011\ccs\tools\compiler\ti-cgt-arm_20.2.3.LTS\lib\</path>
         <kind>archive</kind>
         <file>rtsv7M4_T_le_v4SPD16_eabi.lib</file>
         <name>s_round.c.obj</name>
      </input_file>
      <input_file id="fl-c9">
         <path>C:\ti\ccs1011\ccs\tools\compiler\ti-cgt-arm_20.2.3.LTS\lib\</path>
         <kind>archive</kind>
         <file>rtsv7M4_T_le_v4SPD16_eabi.lib</file>
         <name>printf.c.obj</name>
      </input_file>
      <input_file id="fl-ca">
         <path>C:\ti\ccs1011\ccs\tools\compiler\ti-cgt-arm_20.2.3.LTS\lib\</path>
         <kind>archive</kind>
         <file>rtsv7M4_T_le_v4SPD16_eabi.lib</file>
         <name>_printfi.c.obj</name>
      </input_file>
      <input_file id="fl-cb">
         <path>C:\ti\ccs1011\ccs\tools\compiler\ti-cgt-arm_20.2.3.LTS\lib\</path>
         <kind>archive</kind>
         <file>rtsv7M4_T_le_v4SPD16_eabi.lib</file>
         <name>sprintf.c.obj</name>
      </input_file>
      <input_file id="fl-cc">
         <path>C:\ti\ccs1011\ccs\tools\compiler\ti-cgt-arm_20.2.3.LTS\lib\</path>
         <kind>archive</kind>
         <file>rtsv7M4_T_le_v4SPD16_eabi.lib</file>
         <name>fputc.c.obj</name>
      </input_file>
      <input_file id="fl-cd">
         <path>C:\ti\ccs1011\ccs\tools\compiler\ti-cgt-arm_20.2.3.LTS\lib\</path>
         <kind>archive</kind>
         <file>rtsv7M4_T_le_v4SPD16_eabi.lib</file>
         <name>fputs.c.obj</name>
      </input_file>
      <input_file id="fl-ce">
         <path>C:\ti\ccs1011\ccs\tools\compiler\ti-cgt-arm_20.2.3.LTS\lib\</path>
         <kind>archive</kind>
         <file>rtsv7M4_T_le_v4SPD16_eabi.lib</file>
         <name>_io_perm.c.obj</name>
      </input_file>
      <input_file id="fl-cf">
         <path>C:\ti\ccs1011\ccs\tools\compiler\ti-cgt-arm_20.2.3.LTS\lib\</path>
         <kind>archive</kind>
         <file>rtsv7M4_T_le_v4SPD16_eabi.lib</file>
         <name>setvbuf.c.obj</name>
      </input_file>
      <input_file id="fl-d0">
         <path>C:\ti\ccs1011\ccs\tools\compiler\ti-cgt-arm_20.2.3.LTS\lib\</path>
         <kind>archive</kind>
         <file>rtsv7M4_T_le_v4SPD16_eabi.lib</file>
         <name>fd_add_t2.asm.obj</name>
      </input_file>
      <input_file id="fl-d1">
         <path>C:\ti\ccs1011\ccs\tools\compiler\ti-cgt-arm_20.2.3.LTS\lib\</path>
         <kind>archive</kind>
         <file>rtsv7M4_T_le_v4SPD16_eabi.lib</file>
         <name>fd_cmp_t2.asm.obj</name>
      </input_file>
      <input_file id="fl-d2">
         <path>C:\ti\ccs1011\ccs\tools\compiler\ti-cgt-arm_20.2.3.LTS\lib\</path>
         <kind>archive</kind>
         <file>rtsv7M4_T_le_v4SPD16_eabi.lib</file>
         <name>fd_div_t2.asm.obj</name>
      </input_file>
      <input_file id="fl-d3">
         <path>C:\ti\ccs1011\ccs\tools\compiler\ti-cgt-arm_20.2.3.LTS\lib\</path>
         <kind>archive</kind>
         <file>rtsv7M4_T_le_v4SPD16_eabi.lib</file>
         <name>fd_mul_t2.asm.obj</name>
      </input_file>
      <input_file id="fl-d4">
         <path>C:\ti\ccs1011\ccs\tools\compiler\ti-cgt-arm_20.2.3.LTS\lib\</path>
         <kind>archive</kind>
         <file>rtsv7M4_T_le_v4SPD16_eabi.lib</file>
         <name>fd_toi_t2.asm.obj</name>
      </input_file>
      <input_file id="fl-d5">
         <path>C:\ti\ccs1011\ccs\tools\compiler\ti-cgt-arm_20.2.3.LTS\lib\</path>
         <kind>archive</kind>
         <file>rtsv7M4_T_le_v4SPD16_eabi.lib</file>
         <name>i_tofd_t2.asm.obj</name>
      </input_file>
      <input_file id="fl-d6">
         <path>C:\ti\ccs1011\ccs\tools\compiler\ti-cgt-arm_20.2.3.LTS\lib\</path>
         <kind>archive</kind>
         <file>rtsv7M4_T_le_v4SPD16_eabi.lib</file>
         <name>memcpy_t2.asm.obj</name>
      </input_file>
      <input_file id="fl-d7">
         <path>C:\ti\ccs1011\ccs\tools\compiler\ti-cgt-arm_20.2.3.LTS\lib\</path>
         <kind>archive</kind>
         <file>rtsv7M4_T_le_v4SPD16_eabi.lib</file>
         <name>memset_t2.asm.obj</name>
      </input_file>
      <input_file id="fl-d8">
         <path>C:\ti\ccs1011\ccs\tools\compiler\ti-cgt-arm_20.2.3.LTS\lib\</path>
         <kind>archive</kind>
         <file>rtsv7M4_T_le_v4SPD16_eabi.lib</file>
         <name>ull_div_t2.asm.obj</name>
      </input_file>
      <input_file id="fl-d9">
         <path>C:\ti\ccs1011\ccs\tools\compiler\ti-cgt-arm_20.2.3.LTS\lib\</path>
         <kind>archive</kind>
         <file>rtsv7M4_T_le_v4SPD16_eabi.lib</file>
         <name>copy_zero_init.c.obj</name>
      </input_file>
      <input_file id="fl-da">
         <path>C:\ti\ccs1011\ccs\tools\compiler\ti-cgt-arm_20.2.3.LTS\lib\</path>
         <kind>archive</kind>
         <file>rtsv7M4_T_le_v4SPD16_eabi.lib</file>
         <name>copy_decompress_none.c.obj</name>
      </input_file>
      <input_file id="fl-db">
         <path>C:\ti\ccs1011\ccs\tools\compiler\ti-cgt-arm_20.2.3.LTS\lib\</path>
         <kind>archive</kind>
         <file>rtsv7M4_T_le_v4SPD16_eabi.lib</file>
         <name>copy_decompress_lzss.c.obj</name>
      </input_file>
      <input_file id="fl-dc">
         <path>C:\ti\ccs1011\ccs\tools\compiler\ti-cgt-arm_20.2.3.LTS\lib\</path>
         <kind>archive</kind>
         <file>rtsv7M4_T_le_v4SPD16_eabi.lib</file>
         <name>exit.c.obj</name>
      </input_file>
      <input_file id="fl-dd">
         <path>C:\ti\ccs1011\ccs\tools\compiler\ti-cgt-arm_20.2.3.LTS\lib\</path>
         <kind>archive</kind>
         <file>rtsv7M4_T_le_v4SPD16_eabi.lib</file>
         <name>_lock.c.obj</name>
      </input_file>
      <input_file id="fl-de">
         <path>C:\ti\ccs1011\ccs\tools\compiler\ti-cgt-arm_20.2.3.LTS\lib\</path>
         <kind>archive</kind>
         <file>rtsv7M4_T_le_v4SPD16_eabi.lib</file>
         <name>_ltoa.c.obj</name>
      </input_file>
      <input_file id="fl-df">
         <path>C:\ti\ccs1011\ccs\tools\compiler\ti-cgt-arm_20.2.3.LTS\lib\</path>
         <kind>archive</kind>
         <file>rtsv7M4_T_le_v4SPD16_eabi.lib</file>
         <name>assert.c.obj</name>
      </input_file>
      <input_file id="fl-e0">
         <path>C:\ti\ccs1011\ccs\tools\compiler\ti-cgt-arm_20.2.3.LTS\lib\</path>
         <kind>archive</kind>
         <file>rtsv7M4_T_le_v4SPD16_eabi.lib</file>
         <name>atoi.c.obj</name>
      </input_file>
      <input_file id="fl-e1">
         <path>C:\ti\ccs1011\ccs\tools\compiler\ti-cgt-arm_20.2.3.LTS\lib\</path>
         <kind>archive</kind>
         <file>rtsv7M4_T_le_v4SPD16_eabi.lib</file>
         <name>ctype.c.obj</name>
      </input_file>
      <input_file id="fl-e2">
         <path>C:\ti\ccs1011\ccs\tools\compiler\ti-cgt-arm_20.2.3.LTS\lib\</path>
         <kind>archive</kind>
         <file>rtsv7M4_T_le_v4SPD16_eabi.lib</file>
         <name>defs.c.obj</name>
      </input_file>
      <input_file id="fl-e3">
         <path>C:\ti\ccs1011\ccs\tools\compiler\ti-cgt-arm_20.2.3.LTS\lib\</path>
         <kind>archive</kind>
         <file>rtsv7M4_T_le_v4SPD16_eabi.lib</file>
         <name>memccpy.c.obj</name>
      </input_file>
      <input_file id="fl-e4">
         <path>C:\ti\ccs1011\ccs\tools\compiler\ti-cgt-arm_20.2.3.LTS\lib\</path>
         <kind>archive</kind>
         <file>rtsv7M4_T_le_v4SPD16_eabi.lib</file>
         <name>memchr.c.obj</name>
      </input_file>
      <input_file id="fl-e5">
         <path>C:\ti\ccs1011\ccs\tools\compiler\ti-cgt-arm_20.2.3.LTS\lib\</path>
         <kind>archive</kind>
         <file>rtsv7M4_T_le_v4SPD16_eabi.lib</file>
         <name>memory.c.obj</name>
      </input_file>
      <input_file id="fl-e6">
         <path>C:\ti\ccs1011\ccs\tools\compiler\ti-cgt-arm_20.2.3.LTS\lib\</path>
         <kind>archive</kind>
         <file>rtsv7M4_T_le_v4SPD16_eabi.lib</file>
         <name>strchr.c.obj</name>
      </input_file>
      <input_file id="fl-e7">
         <path>C:\ti\ccs1011\ccs\tools\compiler\ti-cgt-arm_20.2.3.LTS\lib\</path>
         <kind>archive</kind>
         <file>rtsv7M4_T_le_v4SPD16_eabi.lib</file>
         <name>strlen.c.obj</name>
      </input_file>
      <input_file id="fl-e8">
         <path>C:\ti\ccs1011\ccs\tools\compiler\ti-cgt-arm_20.2.3.LTS\lib\</path>
         <kind>archive</kind>
         <file>rtsv7M4_T_le_v4SPD16_eabi.lib</file>
         <name>errno.c.obj</name>
      </input_file>
      <input_file id="fl-e9">
         <path>C:\ti\ccs1011\ccs\tools\compiler\ti-cgt-arm_20.2.3.LTS\lib\</path>
         <kind>archive</kind>
         <file>rtsv7M4_T_le_v4SPD16_eabi.lib</file>
         <name>boot_cortex_m.c.obj</name>
      </input_file>
      <input_file id="fl-ea">
         <path>C:\ti\ccs1011\ccs\tools\compiler\ti-cgt-arm_20.2.3.LTS\lib\</path>
         <kind>archive</kind>
         <file>rtsv7M4_T_le_v4SPD16_eabi.lib</file>
         <name>write.c.obj</name>
      </input_file>
      <input_file id="fl-eb">
         <path>C:\ti\ccs1011\ccs\tools\compiler\ti-cgt-arm_20.2.3.LTS\lib\</path>
         <kind>archive</kind>
         <file>rtsv7M4_T_le_v4SPD16_eabi.lib</file>
         <name>host_device.c.obj</name>
      </input_file>
      <input_file id="fl-ec">
         <path>C:\ti\ccs1011\ccs\tools\compiler\ti-cgt-arm_20.2.3.LTS\lib\</path>
         <kind>archive</kind>
         <file>rtsv7M4_T_le_v4SPD16_eabi.lib</file>
         <name>s_floor.c.obj</name>
      </input_file>
      <input_file id="fl-ed">
         <path>C:\ti\ccs1011\ccs\tools\compiler\ti-cgt-arm_20.2.3.LTS\lib\</path>
         <kind>archive</kind>
         <file>rtsv7M4_T_le_v4SPD16_eabi.lib</file>
         <name>s_frexp.c.obj</name>
      </input_file>
      <input_file id="fl-ee">
         <path>C:\ti\ccs1011\ccs\tools\compiler\ti-cgt-arm_20.2.3.LTS\lib\</path>
         <kind>archive</kind>
         <file>rtsv7M4_T_le_v4SPD16_eabi.lib</file>
         <name>s_scalbn.c.obj</name>
      </input_file>
      <input_file id="fl-ef">
         <path>C:\ti\ccs1011\ccs\tools\compiler\ti-cgt-arm_20.2.3.LTS\lib\</path>
         <kind>archive</kind>
         <file>rtsv7M4_T_le_v4SPD16_eabi.lib</file>
         <name>wcslen.c.obj</name>
      </input_file>
      <input_file id="fl-f0">
         <path>C:\ti\ccs1011\ccs\tools\compiler\ti-cgt-arm_20.2.3.LTS\lib\</path>
         <kind>archive</kind>
         <file>rtsv7M4_T_le_v4SPD16_eabi.lib</file>
         <name>s_copysign.c.obj</name>
      </input_file>
      <input_file id="fl-f1">
         <path>C:\ti\ccs1011\ccs\tools\compiler\ti-cgt-arm_20.2.3.LTS\lib\</path>
         <kind>archive</kind>
         <file>rtsv7M4_T_le_v4SPD16_eabi.lib</file>
         <name>fflush.c.obj</name>
      </input_file>
      <input_file id="fl-f2">
         <path>C:\ti\ccs1011\ccs\tools\compiler\ti-cgt-arm_20.2.3.LTS\lib\</path>
         <kind>archive</kind>
         <file>rtsv7M4_T_le_v4SPD16_eabi.lib</file>
         <name>fopen.c.obj</name>
      </input_file>
      <input_file id="fl-f3">
         <path>C:\ti\ccs1011\ccs\tools\compiler\ti-cgt-arm_20.2.3.LTS\lib\</path>
         <kind>archive</kind>
         <file>rtsv7M4_T_le_v4SPD16_eabi.lib</file>
         <name>fseek.c.obj</name>
      </input_file>
      <input_file id="fl-f4">
         <path>C:\ti\ccs1011\ccs\tools\compiler\ti-cgt-arm_20.2.3.LTS\lib\</path>
         <kind>archive</kind>
         <file>rtsv7M4_T_le_v4SPD16_eabi.lib</file>
         <name>div0.asm.obj</name>
      </input_file>
      <input_file id="fl-f5">
         <path>C:\ti\ccs1011\ccs\tools\compiler\ti-cgt-arm_20.2.3.LTS\lib\</path>
         <kind>archive</kind>
         <file>rtsv7M4_T_le_v4SPD16_eabi.lib</file>
         <name>autoinit.c.obj</name>
      </input_file>
      <input_file id="fl-f6">
         <path>C:\ti\ccs1011\ccs\tools\compiler\ti-cgt-arm_20.2.3.LTS\lib\</path>
         <kind>archive</kind>
         <file>rtsv7M4_T_le_v4SPD16_eabi.lib</file>
         <name>pre_init.c.obj</name>
      </input_file>
      <input_file id="fl-f7">
         <path>C:\ti\ccs1011\ccs\tools\compiler\ti-cgt-arm_20.2.3.LTS\lib\</path>
         <kind>archive</kind>
         <file>rtsv7M4_T_le_v4SPD16_eabi.lib</file>
         <name>cpy_tbl.c.obj</name>
      </input_file>
      <input_file id="fl-f8">
         <path>C:\ti\ccs1011\ccs\tools\compiler\ti-cgt-arm_20.2.3.LTS\lib\</path>
         <kind>archive</kind>
         <file>rtsv7M4_T_le_v4SPD16_eabi.lib</file>
         <name>args_main.c.obj</name>
      </input_file>
      <input_file id="fl-f9">
         <path>C:\ti\ccs1011\ccs\tools\compiler\ti-cgt-arm_20.2.3.LTS\lib\</path>
         <kind>archive</kind>
         <file>rtsv7M4_T_le_v4SPD16_eabi.lib</file>
         <name>hostclose.c.obj</name>
      </input_file>
      <input_file id="fl-fa">
         <path>C:\ti\ccs1011\ccs\tools\compiler\ti-cgt-arm_20.2.3.LTS\lib\</path>
         <kind>archive</kind>
         <file>rtsv7M4_T_le_v4SPD16_eabi.lib</file>
         <name>hostlseek.c.obj</name>
      </input_file>
      <input_file id="fl-fb">
         <path>C:\ti\ccs1011\ccs\tools\compiler\ti-cgt-arm_20.2.3.LTS\lib\</path>
         <kind>archive</kind>
         <file>rtsv7M4_T_le_v4SPD16_eabi.lib</file>
         <name>hostopen.c.obj</name>
      </input_file>
      <input_file id="fl-fc">
         <path>C:\ti\ccs1011\ccs\tools\compiler\ti-cgt-arm_20.2.3.LTS\lib\</path>
         <kind>archive</kind>
         <file>rtsv7M4_T_le_v4SPD16_eabi.lib</file>
         <name>hostread.c.obj</name>
      </input_file>
      <input_file id="fl-fd">
         <path>C:\ti\ccs1011\ccs\tools\compiler\ti-cgt-arm_20.2.3.LTS\lib\</path>
         <kind>archive</kind>
         <file>rtsv7M4_T_le_v4SPD16_eabi.lib</file>
         <name>hostrename.c.obj</name>
      </input_file>
      <input_file id="fl-fe">
         <path>C:\ti\ccs1011\ccs\tools\compiler\ti-cgt-arm_20.2.3.LTS\lib\</path>
         <kind>archive</kind>
         <file>rtsv7M4_T_le_v4SPD16_eabi.lib</file>
         <name>hostunlink.c.obj</name>
      </input_file>
      <input_file id="fl-ff">
         <path>C:\ti\ccs1011\ccs\tools\compiler\ti-cgt-arm_20.2.3.LTS\lib\</path>
         <kind>archive</kind>
         <file>rtsv7M4_T_le_v4SPD16_eabi.lib</file>
         <name>hostwrite.c.obj</name>
      </input_file>
      <input_file id="fl-100">
         <path>C:\ti\ccs1011\ccs\tools\compiler\ti-cgt-arm_20.2.3.LTS\lib\</path>
         <kind>archive</kind>
         <file>rtsv7M4_T_le_v4SPD16_eabi.lib</file>
         <name>trgmsg.c.obj</name>
      </input_file>
      <input_file id="fl-101">
         <path>C:\ti\ccs1011\ccs\tools\compiler\ti-cgt-arm_20.2.3.LTS\lib\</path>
         <kind>archive</kind>
         <file>rtsv7M4_T_le_v4SPD16_eabi.lib</file>
         <name>open.c.obj</name>
      </input_file>
      <input_file id="fl-102">
         <path>C:\ti\ccs1011\ccs\tools\compiler\ti-cgt-arm_20.2.3.LTS\lib\</path>
         <kind>archive</kind>
         <file>rtsv7M4_T_le_v4SPD16_eabi.lib</file>
         <name>lseek.c.obj</name>
      </input_file>
      <input_file id="fl-103">
         <path>C:\ti\ccs1011\ccs\tools\compiler\ti-cgt-arm_20.2.3.LTS\lib\</path>
         <kind>archive</kind>
         <file>rtsv7M4_T_le_v4SPD16_eabi.lib</file>
         <name>fclose.c.obj</name>
      </input_file>
      <input_file id="fl-104">
         <path>C:\ti\ccs1011\ccs\tools\compiler\ti-cgt-arm_20.2.3.LTS\lib\</path>
         <kind>archive</kind>
         <file>rtsv7M4_T_le_v4SPD16_eabi.lib</file>
         <name>getdevice.c.obj</name>
      </input_file>
      <input_file id="fl-105">
         <path>C:\ti\ccs1011\ccs\tools\compiler\ti-cgt-arm_20.2.3.LTS\lib\</path>
         <kind>archive</kind>
         <file>rtsv7M4_T_le_v4SPD16_eabi.lib</file>
         <name>strcmp.c.obj</name>
      </input_file>
      <input_file id="fl-106">
         <path>C:\ti\ccs1011\ccs\tools\compiler\ti-cgt-arm_20.2.3.LTS\lib\</path>
         <kind>archive</kind>
         <file>rtsv7M4_T_le_v4SPD16_eabi.lib</file>
         <name>strcpy.c.obj</name>
      </input_file>
      <input_file id="fl-107">
         <path>C:\ti\ccs1011\ccs\tools\compiler\ti-cgt-arm_20.2.3.LTS\lib\</path>
         <kind>archive</kind>
         <file>rtsv7M4_T_le_v4SPD16_eabi.lib</file>
         <name>strncpy.c.obj</name>
      </input_file>
      <input_file id="fl-108">
         <path>C:\ti\ccs1011\ccs\tools\compiler\ti-cgt-arm_20.2.3.LTS\lib\</path>
         <kind>archive</kind>
         <file>rtsv7M4_T_le_v4SPD16_eabi.lib</file>
         <name>remove.c.obj</name>
      </input_file>
      <input_file id="fl-109">
         <path>C:\ti\ccs1011\ccs\tools\compiler\ti-cgt-arm_20.2.3.LTS\lib\</path>
         <kind>archive</kind>
         <file>rtsv7M4_T_le_v4SPD16_eabi.lib</file>
         <name>close.c.obj</name>
      </input_file>
      <input_file id="fl-10a">
         <path>C:\ti\ccs1011\ccs\tools\compiler\ti-cgt-arm_20.2.3.LTS\lib\</path>
         <kind>archive</kind>
         <file>rtsv7M4_T_le_v4SPD16_eabi.lib</file>
         <name>unlink.c.obj</name>
      </input_file>
   </input_file_list>
   <object_component_list>
      <object_component id="oc-26">
         <name>.intvecs:retain</name>
         <load_address>0x0</load_address>
         <run_address>0x0</run_address>
         <size>0xe4</size>
         <input_file_ref idref="fl-c"/>
      </object_component>
      <object_component id="oc-163">
         <name>.text:__TI_printfi</name>
         <load_address>0xe4</load_address>
         <run_address>0xe4</run_address>
         <size>0xa4e</size>
         <input_file_ref idref="fl-ca"/>
      </object_component>
      <object_component id="oc-321">
         <name>.text:_nop</name>
         <load_address>0xb32</load_address>
         <run_address>0xb32</run_address>
         <size>0x2</size>
         <input_file_ref idref="fl-dd"/>
      </object_component>
      <object_component id="oc-76">
         <name>.text</name>
         <load_address>0xb34</load_address>
         <run_address>0xb34</run_address>
         <size>0x860</size>
         <input_file_ref idref="fl-6"/>
      </object_component>
      <object_component id="oc-109">
         <name>.text</name>
         <load_address>0x1394</load_address>
         <run_address>0x1394</run_address>
         <size>0x41c</size>
         <input_file_ref idref="fl-8"/>
      </object_component>
      <object_component id="oc-270">
         <name>.text:_pconv_a</name>
         <load_address>0x17b0</load_address>
         <run_address>0x17b0</run_address>
         <size>0x270</size>
         <input_file_ref idref="fl-ca"/>
      </object_component>
      <object_component id="oc-10f">
         <name>.text</name>
         <load_address>0x1a20</load_address>
         <run_address>0x1a20</run_address>
         <size>0x254</size>
         <input_file_ref idref="fl-b"/>
      </object_component>
      <object_component id="oc-70">
         <name>.text</name>
         <load_address>0x1c74</load_address>
         <run_address>0x1c74</run_address>
         <size>0x240</size>
         <input_file_ref idref="fl-5"/>
      </object_component>
      <object_component id="oc-b8">
         <name>.text</name>
         <load_address>0x1eb4</load_address>
         <run_address>0x1eb4</run_address>
         <size>0x1e0</size>
         <input_file_ref idref="fl-d"/>
      </object_component>
      <object_component id="oc-25e">
         <name>.text:_pconv_g</name>
         <load_address>0x2094</load_address>
         <run_address>0x2094</run_address>
         <size>0x1d0</size>
         <input_file_ref idref="fl-ca"/>
      </object_component>
      <object_component id="oc-36d">
         <name>.text</name>
         <load_address>0x2264</load_address>
         <run_address>0x2264</run_address>
         <size>0x1b6</size>
         <input_file_ref idref="fl-d0"/>
      </object_component>
      <object_component id="oc-3fd">
         <name>.text</name>
         <load_address>0x241a</load_address>
         <run_address>0x241a</run_address>
         <size>0x2</size>
         <input_file_ref idref="fl-f4"/>
      </object_component>
      <object_component id="oc-26a">
         <name>.text:_pconv_e</name>
         <load_address>0x241c</load_address>
         <run_address>0x241c</run_address>
         <size>0x13c</size>
         <input_file_ref idref="fl-ca"/>
      </object_component>
      <object_component id="oc-353">
         <name>.text</name>
         <load_address>0x2558</load_address>
         <run_address>0x2558</run_address>
         <size>0x136</size>
         <input_file_ref idref="fl-d2"/>
      </object_component>
      <object_component id="oc-37f">
         <name>.text:fcvt</name>
         <load_address>0x2690</load_address>
         <run_address>0x2690</run_address>
         <size>0x124</size>
         <input_file_ref idref="fl-ca"/>
      </object_component>
      <object_component id="oc-198">
         <name>.text:fputs</name>
         <load_address>0x27b4</load_address>
         <run_address>0x27b4</run_address>
         <size>0x114</size>
         <input_file_ref idref="fl-cd"/>
      </object_component>
      <object_component id="oc-393">
         <name>.text:scalbn</name>
         <load_address>0x28c8</load_address>
         <run_address>0x28c8</run_address>
         <size>0x110</size>
         <input_file_ref idref="fl-ee"/>
      </object_component>
      <object_component id="oc-48d">
         <name>.text:aligned_alloc</name>
         <load_address>0x29d8</load_address>
         <run_address>0x29d8</run_address>
         <size>0x100</size>
         <input_file_ref idref="fl-e5"/>
      </object_component>
      <object_component id="oc-34e">
         <name>.text</name>
         <load_address>0x2ad8</load_address>
         <run_address>0x2ad8</run_address>
         <size>0xfc</size>
         <input_file_ref idref="fl-d3"/>
      </object_component>
      <object_component id="oc-43a">
         <name>.text:free</name>
         <load_address>0x2bd4</load_address>
         <run_address>0x2bd4</run_address>
         <size>0xe4</size>
         <input_file_ref idref="fl-e5"/>
      </object_component>
      <object_component id="oc-3c5">
         <name>.text:setvbuf</name>
         <load_address>0x2cb8</load_address>
         <run_address>0x2cb8</run_address>
         <size>0xdc</size>
         <input_file_ref idref="fl-cf"/>
      </object_component>
      <object_component id="oc-253">
         <name>.text:_ltostr</name>
         <load_address>0x2d94</load_address>
         <run_address>0x2d94</run_address>
         <size>0xb1</size>
         <input_file_ref idref="fl-ca"/>
      </object_component>
      <object_component id="oc-3a">
         <name>.text</name>
         <load_address>0x2e46</load_address>
         <run_address>0x2e46</run_address>
         <size>0x9c</size>
         <input_file_ref idref="fl-d6"/>
      </object_component>
      <object_component id="oc-347">
         <name>.text</name>
         <load_address>0x2ee2</load_address>
         <run_address>0x2ee2</run_address>
         <size>0x96</size>
         <input_file_ref idref="fl-d8"/>
      </object_component>
      <object_component id="oc-3de">
         <name>.text:fputc</name>
         <load_address>0x2f78</load_address>
         <run_address>0x2f78</run_address>
         <size>0x8c</size>
         <input_file_ref idref="fl-cc"/>
      </object_component>
      <object_component id="oc-259">
         <name>.text:__aeabi_cdcmple</name>
         <load_address>0x3004</load_address>
         <run_address>0x3004</run_address>
         <size>0x86</size>
         <input_file_ref idref="fl-d1"/>
      </object_component>
      <object_component id="oc-358">
         <name>.text:__aeabi_cdrcmple</name>
         <load_address>0x308a</load_address>
         <run_address>0x308a</run_address>
         <size>0x86</size>
         <input_file_ref idref="fl-d1"/>
      </object_component>
      <object_component id="oc-19e">
         <name>.text:fflush</name>
         <load_address>0x3110</load_address>
         <run_address>0x3110</run_address>
         <size>0x7c</size>
         <input_file_ref idref="fl-f1"/>
      </object_component>
      <object_component id="oc-9a">
         <name>.text</name>
         <load_address>0x318c</load_address>
         <run_address>0x318c</run_address>
         <size>0x7a</size>
         <input_file_ref idref="fl-d7"/>
      </object_component>
      <object_component id="oc-494">
         <name>.text:__TI_closefile</name>
         <load_address>0x3208</load_address>
         <run_address>0x3208</run_address>
         <size>0x74</size>
         <input_file_ref idref="fl-103"/>
      </object_component>
      <object_component id="oc-4d4">
         <name>.text:split</name>
         <load_address>0x327c</load_address>
         <run_address>0x327c</run_address>
         <size>0x70</size>
         <input_file_ref idref="fl-e5"/>
      </object_component>
      <object_component id="oc-378">
         <name>.text:_mcpy</name>
         <load_address>0x32ec</load_address>
         <run_address>0x32ec</run_address>
         <size>0x6e</size>
         <input_file_ref idref="fl-ca"/>
      </object_component>
      <object_component id="oc-4c1">
         <name>.text:HOSTrename</name>
         <load_address>0x335c</load_address>
         <run_address>0x335c</run_address>
         <size>0x6c</size>
         <input_file_ref idref="fl-fd"/>
      </object_component>
      <object_component id="oc-4b5">
         <name>.text:HOSTlseek</name>
         <load_address>0x33c8</load_address>
         <run_address>0x33c8</run_address>
         <size>0x68</size>
         <input_file_ref idref="fl-fa"/>
      </object_component>
      <object_component id="oc-17">
         <name>.text:decompress:lzss:__TI_decompress_lzss</name>
         <load_address>0x3430</load_address>
         <run_address>0x3430</run_address>
         <size>0x68</size>
         <input_file_ref idref="fl-db"/>
      </object_component>
      <object_component id="oc-203">
         <name>.text:printf</name>
         <load_address>0x3498</load_address>
         <run_address>0x3498</run_address>
         <size>0x68</size>
         <input_file_ref idref="fl-c9"/>
      </object_component>
      <object_component id="oc-38d">
         <name>.text:frexp</name>
         <load_address>0x3500</load_address>
         <run_address>0x3500</run_address>
         <size>0x64</size>
         <input_file_ref idref="fl-ed"/>
      </object_component>
      <object_component id="oc-3bf">
         <name>.text:fseek</name>
         <load_address>0x3564</load_address>
         <run_address>0x3564</run_address>
         <size>0x64</size>
         <input_file_ref idref="fl-f3"/>
      </object_component>
      <object_component id="oc-298">
         <name>.text:__TI_wrt_ok</name>
         <load_address>0x35c8</load_address>
         <run_address>0x35c8</run_address>
         <size>0x62</size>
         <input_file_ref idref="fl-ce"/>
      </object_component>
      <object_component id="oc-49d">
         <name>.text:HOSTopen</name>
         <load_address>0x362c</load_address>
         <run_address>0x362c</run_address>
         <size>0x60</size>
         <input_file_ref idref="fl-fb"/>
      </object_component>
      <object_component id="oc-115">
         <name>.text</name>
         <load_address>0x368c</load_address>
         <run_address>0x368c</run_address>
         <size>0x5c</size>
         <input_file_ref idref="fl-2"/>
      </object_component>
      <object_component id="oc-4db">
         <name>.text:close</name>
         <load_address>0x36e8</load_address>
         <run_address>0x36e8</run_address>
         <size>0x5c</size>
         <input_file_ref idref="fl-109"/>
      </object_component>
      <object_component id="oc-4a9">
         <name>.text:HOSTread</name>
         <load_address>0x3744</load_address>
         <run_address>0x3744</run_address>
         <size>0x58</size>
         <input_file_ref idref="fl-fc"/>
      </object_component>
      <object_component id="oc-4af">
         <name>.text:HOSTwrite</name>
         <load_address>0x379c</load_address>
         <run_address>0x379c</run_address>
         <size>0x58</size>
         <input_file_ref idref="fl-ff"/>
      </object_component>
      <object_component id="oc-264">
         <name>.text:_pconv_f</name>
         <load_address>0x37f4</load_address>
         <run_address>0x37f4</run_address>
         <size>0x56</size>
         <input_file_ref idref="fl-ca"/>
      </object_component>
      <object_component id="oc-362">
         <name>.text:__TI_ltoa</name>
         <load_address>0x384a</load_address>
         <run_address>0x384a</run_address>
         <size>0x54</size>
         <input_file_ref idref="fl-de"/>
      </object_component>
      <object_component id="oc-a6">
         <name>.text</name>
         <load_address>0x38a0</load_address>
         <run_address>0x38a0</run_address>
         <size>0x54</size>
         <input_file_ref idref="fl-7"/>
      </object_component>
      <object_component id="oc-372">
         <name>.text:_ecpy</name>
         <load_address>0x38f4</load_address>
         <run_address>0x38f4</run_address>
         <size>0x52</size>
         <input_file_ref idref="fl-ca"/>
      </object_component>
      <object_component id="oc-2a4">
         <name>.text:__TI_doflush</name>
         <load_address>0x3946</load_address>
         <run_address>0x3946</run_address>
         <size>0x4c</size>
         <input_file_ref idref="fl-f1"/>
      </object_component>
      <object_component id="oc-24d">
         <name>.text:atoi</name>
         <load_address>0x3994</load_address>
         <run_address>0x3994</run_address>
         <size>0x4c</size>
         <input_file_ref idref="fl-e0"/>
      </object_component>
      <object_component id="oc-127">
         <name>.text:exit</name>
         <load_address>0x39e0</load_address>
         <run_address>0x39e0</run_address>
         <size>0x48</size>
         <input_file_ref idref="fl-dc"/>
      </object_component>
      <object_component id="oc-35d">
         <name>.text</name>
         <load_address>0x3a28</load_address>
         <run_address>0x3a28</run_address>
         <size>0x48</size>
         <input_file_ref idref="fl-d4"/>
      </object_component>
      <object_component id="oc-4a3">
         <name>.text:HOSTclose</name>
         <load_address>0x3a70</load_address>
         <run_address>0x3a70</run_address>
         <size>0x44</size>
         <input_file_ref idref="fl-f9"/>
      </object_component>
      <object_component id="oc-4bb">
         <name>.text:HOSTunlink</name>
         <load_address>0x3ab4</load_address>
         <run_address>0x3ab4</run_address>
         <size>0x44</size>
         <input_file_ref idref="fl-fe"/>
      </object_component>
      <object_component id="oc-12d">
         <name>.text:__TI_auto_init_nobinit_nopinit:__TI_auto_init_nobinit_nopinit</name>
         <load_address>0x3af8</load_address>
         <run_address>0x3af8</run_address>
         <size>0x44</size>
         <input_file_ref idref="fl-f5"/>
      </object_component>
      <object_component id="oc-511">
         <name>.text:getdevice</name>
         <load_address>0x3b3c</load_address>
         <run_address>0x3b3c</run_address>
         <size>0x44</size>
         <input_file_ref idref="fl-104"/>
      </object_component>
      <object_component id="oc-bf">
         <name>.text:sprintf</name>
         <load_address>0x3b80</load_address>
         <run_address>0x3b80</run_address>
         <size>0x40</size>
         <input_file_ref idref="fl-cb"/>
      </object_component>
      <object_component id="oc-385">
         <name>.text:_fcpy</name>
         <load_address>0x3bc0</load_address>
         <run_address>0x3bc0</run_address>
         <size>0x3e</size>
         <input_file_ref idref="fl-ca"/>
      </object_component>
      <object_component id="oc-4ea">
         <name>.text:__TI_writemsg</name>
         <load_address>0x3c00</load_address>
         <run_address>0x3c00</run_address>
         <size>0x38</size>
         <input_file_ref idref="fl-100"/>
      </object_component>
      <object_component id="oc-533">
         <name>.text:strncpy</name>
         <load_address>0x3c38</load_address>
         <run_address>0x3c38</run_address>
         <size>0x36</size>
         <input_file_ref idref="fl-107"/>
      </object_component>
      <object_component id="oc-446">
         <name>.text:__TI_cleanup</name>
         <load_address>0x3c70</load_address>
         <run_address>0x3c70</run_address>
         <size>0x34</size>
         <input_file_ref idref="fl-f2"/>
      </object_component>
      <object_component id="oc-4f0">
         <name>.text:__TI_readmsg</name>
         <load_address>0x3ca4</load_address>
         <run_address>0x3ca4</run_address>
         <size>0x34</size>
         <input_file_ref idref="fl-100"/>
      </object_component>
      <object_component id="oc-58">
         <name>.text:_c_int00_noargs:_c_int00_noargs</name>
         <load_address>0x3cd8</load_address>
         <run_address>0x3cd8</run_address>
         <size>0x34</size>
         <input_file_ref idref="fl-e9"/>
      </object_component>
      <object_component id="oc-539">
         <name>.text:finddevice</name>
         <load_address>0x3d0c</load_address>
         <run_address>0x3d0c</run_address>
         <size>0x30</size>
         <input_file_ref idref="fl-104"/>
      </object_component>
      <object_component id="oc-368">
         <name>.text</name>
         <load_address>0x3d3c</load_address>
         <run_address>0x3d3c</run_address>
         <size>0x2e</size>
         <input_file_ref idref="fl-d5"/>
      </object_component>
      <object_component id="oc-4e1">
         <name>.text:unlink</name>
         <load_address>0x3d6c</load_address>
         <run_address>0x3d6c</run_address>
         <size>0x2c</size>
         <input_file_ref idref="fl-10a"/>
      </object_component>
      <object_component id="oc-486">
         <name>.text:free_list_insert</name>
         <load_address>0x3d98</load_address>
         <run_address>0x3d98</run_address>
         <size>0x28</size>
         <input_file_ref idref="fl-e5"/>
      </object_component>
      <object_component id="oc-432">
         <name>.text:lseek</name>
         <load_address>0x3dc0</load_address>
         <run_address>0x3dc0</run_address>
         <size>0x28</size>
         <input_file_ref idref="fl-102"/>
      </object_component>
      <object_component id="oc-2aa">
         <name>.text:write</name>
         <load_address>0x3de8</load_address>
         <run_address>0x3de8</run_address>
         <size>0x28</size>
         <input_file_ref idref="fl-ea"/>
      </object_component>
      <object_component id="oc-20b">
         <name>.text</name>
         <load_address>0x3e10</load_address>
         <run_address>0x3e10</run_address>
         <size>0x24</size>
         <input_file_ref idref="fl-3"/>
      </object_component>
      <object_component id="oc-29e">
         <name>.text:memchr</name>
         <load_address>0x3e34</load_address>
         <run_address>0x3e34</run_address>
         <size>0x20</size>
         <input_file_ref idref="fl-e4"/>
      </object_component>
      <object_component id="oc-d6">
         <name>.text:_abort_msg</name>
         <load_address>0x3e54</load_address>
         <run_address>0x3e54</run_address>
         <size>0x1c</size>
         <input_file_ref idref="fl-df"/>
      </object_component>
      <object_component id="oc-46">
         <name>.text:decompress:ZI:__TI_zero_init_nomemset:__TI_zero_init_nomemset</name>
         <load_address>0x3e70</load_address>
         <run_address>0x3e70</run_address>
         <size>0x1c</size>
         <input_file_ref idref="fl-d9"/>
      </object_component>
      <object_component id="oc-480">
         <name>.text:free_list_remove</name>
         <load_address>0x3e8c</load_address>
         <run_address>0x3e8c</run_address>
         <size>0x1c</size>
         <input_file_ref idref="fl-e5"/>
      </object_component>
      <object_component id="oc-276">
         <name>.text:memccpy</name>
         <load_address>0x3ea8</load_address>
         <run_address>0x3ea8</run_address>
         <size>0x1c</size>
         <input_file_ref idref="fl-e3"/>
      </object_component>
      <object_component id="oc-416">
         <name>.text:copysign</name>
         <load_address>0x3ec4</load_address>
         <run_address>0x3ec4</run_address>
         <size>0x1a</size>
         <input_file_ref idref="fl-f0"/>
      </object_component>
      <object_component id="oc-169">
         <name>.text:_outs</name>
         <load_address>0x3ede</load_address>
         <run_address>0x3ede</run_address>
         <size>0x18</size>
         <input_file_ref idref="fl-cb"/>
      </object_component>
      <object_component id="oc-550">
         <name>.text:strcmp</name>
         <load_address>0x3ef6</load_address>
         <run_address>0x3ef6</run_address>
         <size>0x18</size>
         <input_file_ref idref="fl-105"/>
      </object_component>
      <object_component id="oc-399">
         <name>.text:strchr</name>
         <load_address>0x3f0e</load_address>
         <run_address>0x3f0e</run_address>
         <size>0x16</size>
         <input_file_ref idref="fl-e6"/>
      </object_component>
      <object_component id="oc-504">
         <name>.text:strcpy</name>
         <load_address>0x3f24</load_address>
         <run_address>0x3f24</run_address>
         <size>0x14</size>
         <input_file_ref idref="fl-106"/>
      </object_component>
      <object_component id="oc-247">
         <name>.text:strlen</name>
         <load_address>0x3f38</load_address>
         <run_address>0x3f38</run_address>
         <size>0x14</size>
         <input_file_ref idref="fl-e7"/>
      </object_component>
      <object_component id="oc-27c">
         <name>.text:wcslen</name>
         <load_address>0x3f4c</load_address>
         <run_address>0x3f4c</run_address>
         <size>0x12</size>
         <input_file_ref idref="fl-ef"/>
      </object_component>
      <object_component id="oc-1d">
         <name>.text:decompress:none:__TI_decompress_none</name>
         <load_address>0x3f5e</load_address>
         <run_address>0x3f5e</run_address>
         <size>0xe</size>
         <input_file_ref idref="fl-da"/>
      </object_component>
      <object_component id="oc-6a">
         <name>.text</name>
         <load_address>0x3f6c</load_address>
         <run_address>0x3f6c</run_address>
         <size>0xe</size>
         <input_file_ref idref="fl-c"/>
      </object_component>
      <object_component id="oc-16f">
         <name>.text:_outc</name>
         <load_address>0x3f7a</load_address>
         <run_address>0x3f7a</run_address>
         <size>0xa</size>
         <input_file_ref idref="fl-cb"/>
      </object_component>
      <object_component id="oc-282">
         <name>.text:__aeabi_errno_addr</name>
         <load_address>0x3f84</load_address>
         <run_address>0x3f84</run_address>
         <size>0x8</size>
         <input_file_ref idref="fl-e8"/>
      </object_component>
      <object_component id="oc-440">
         <name>.text:malloc</name>
         <load_address>0x3f8c</load_address>
         <run_address>0x3f8c</run_address>
         <size>0x8</size>
         <input_file_ref idref="fl-e5"/>
      </object_component>
      <object_component id="oc-307">
         <name>.text:_outc</name>
         <load_address>0x3f94</load_address>
         <run_address>0x3f94</run_address>
         <size>0x4</size>
         <input_file_ref idref="fl-c9"/>
      </object_component>
      <object_component id="oc-301">
         <name>.text:_outs</name>
         <load_address>0x3f98</load_address>
         <run_address>0x3f98</run_address>
         <size>0x4</size>
         <input_file_ref idref="fl-c9"/>
      </object_component>
      <object_component id="oc-a0">
         <name>.text:_system_pre_init</name>
         <load_address>0x3f9c</load_address>
         <run_address>0x3f9c</run_address>
         <size>0x4</size>
         <input_file_ref idref="fl-f6"/>
      </object_component>
      <object_component id="oc-121">
         <name>.text:abort:abort</name>
         <load_address>0x3fa0</load_address>
         <run_address>0x3fa0</run_address>
         <size>0x4</size>
         <input_file_ref idref="fl-dc"/>
      </object_component>
      <object_component id="oc-342">
         <name>.const:.string:_ctypes_</name>
         <load_address>0x3fa4</load_address>
         <run_address>0x3fa4</run_address>
         <size>0x101</size>
         <input_file_ref idref="fl-e1"/>
      </object_component>
      <object_component id="oc-1bf">
         <name>.const:.string:$P$T0$1</name>
         <load_address>0x40a5</load_address>
         <run_address>0x40a5</run_address>
         <size>0x2</size>
         <input_file_ref idref="fl-8"/>
      </object_component>
      <object_component id="oc-1c2">
         <name>.const:.string:$P$T1$2</name>
         <load_address>0x40a7</load_address>
         <run_address>0x40a7</run_address>
         <size>0x2</size>
         <input_file_ref idref="fl-8"/>
      </object_component>
      <object_component id="oc-1dd">
         <name>.const:.string:$P$T10$11</name>
         <load_address>0x40a9</load_address>
         <run_address>0x40a9</run_address>
         <size>0x2</size>
         <input_file_ref idref="fl-8"/>
      </object_component>
      <object_component id="oc-1e0">
         <name>.const:.string:$P$T11$12</name>
         <load_address>0x40ab</load_address>
         <run_address>0x40ab</run_address>
         <size>0x2</size>
         <input_file_ref idref="fl-8"/>
      </object_component>
      <object_component id="oc-1e3">
         <name>.const:.string:$P$T12$13</name>
         <load_address>0x40ad</load_address>
         <run_address>0x40ad</run_address>
         <size>0x2</size>
         <input_file_ref idref="fl-8"/>
      </object_component>
      <object_component id="oc-1e6">
         <name>.const:.string:$P$T13$14</name>
         <load_address>0x40af</load_address>
         <run_address>0x40af</run_address>
         <size>0x2</size>
         <input_file_ref idref="fl-8"/>
      </object_component>
      <object_component id="oc-1e9">
         <name>.const:.string:$P$T14$15</name>
         <load_address>0x40b1</load_address>
         <run_address>0x40b1</run_address>
         <size>0x2</size>
         <input_file_ref idref="fl-8"/>
      </object_component>
      <object_component id="oc-1ec">
         <name>.const:.string:$P$T15$16</name>
         <load_address>0x40b3</load_address>
         <run_address>0x40b3</run_address>
         <size>0x2</size>
         <input_file_ref idref="fl-8"/>
      </object_component>
      <object_component id="oc-1ef">
         <name>.const:.string:$P$T16$17</name>
         <load_address>0x40b5</load_address>
         <run_address>0x40b5</run_address>
         <size>0x2</size>
         <input_file_ref idref="fl-8"/>
      </object_component>
      <object_component id="oc-1f2">
         <name>.const:.string:$P$T17$18</name>
         <load_address>0x40b7</load_address>
         <run_address>0x40b7</run_address>
         <size>0x2</size>
         <input_file_ref idref="fl-8"/>
      </object_component>
      <object_component id="oc-1f5">
         <name>.const:.string:$P$T18$19</name>
         <load_address>0x40b9</load_address>
         <run_address>0x40b9</run_address>
         <size>0x2</size>
         <input_file_ref idref="fl-8"/>
      </object_component>
      <object_component id="oc-1f8">
         <name>.const:.string:$P$T19$20</name>
         <load_address>0x40bb</load_address>
         <run_address>0x40bb</run_address>
         <size>0x2</size>
         <input_file_ref idref="fl-8"/>
      </object_component>
      <object_component id="oc-1c5">
         <name>.const:.string:$P$T2$3</name>
         <load_address>0x40bd</load_address>
         <run_address>0x40bd</run_address>
         <size>0x2</size>
         <input_file_ref idref="fl-8"/>
      </object_component>
      <object_component id="oc-1fb">
         <name>.const:.string:$P$T20$21</name>
         <load_address>0x40bf</load_address>
         <run_address>0x40bf</run_address>
         <size>0x2</size>
         <input_file_ref idref="fl-8"/>
      </object_component>
      <object_component id="oc-1fe">
         <name>.const:.string:$P$T21$22</name>
         <load_address>0x40c1</load_address>
         <run_address>0x40c1</run_address>
         <size>0x2</size>
         <input_file_ref idref="fl-8"/>
      </object_component>
      <object_component id="oc-1b0">
         <name>.const:.string:$P$T22$23</name>
         <load_address>0x40c3</load_address>
         <run_address>0x40c3</run_address>
         <size>0x2</size>
         <input_file_ref idref="fl-8"/>
      </object_component>
      <object_component id="oc-1b3">
         <name>.const:.string:$P$T23$24</name>
         <load_address>0x40c5</load_address>
         <run_address>0x40c5</run_address>
         <size>0x2</size>
         <input_file_ref idref="fl-8"/>
      </object_component>
      <object_component id="oc-1b6">
         <name>.const:.string:$P$T24$25</name>
         <load_address>0x40c7</load_address>
         <run_address>0x40c7</run_address>
         <size>0x2</size>
         <input_file_ref idref="fl-8"/>
      </object_component>
      <object_component id="oc-1b9">
         <name>.const:.string:$P$T25$26</name>
         <load_address>0x40c9</load_address>
         <run_address>0x40c9</run_address>
         <size>0x2</size>
         <input_file_ref idref="fl-8"/>
      </object_component>
      <object_component id="oc-1bc">
         <name>.const:.string:$P$T26$27</name>
         <load_address>0x40cb</load_address>
         <run_address>0x40cb</run_address>
         <size>0x2</size>
         <input_file_ref idref="fl-8"/>
      </object_component>
      <object_component id="oc-1ad">
         <name>.const:.string:$P$T27$28</name>
         <load_address>0x40cd</load_address>
         <run_address>0x40cd</run_address>
         <size>0x2</size>
         <input_file_ref idref="fl-8"/>
      </object_component>
      <object_component id="oc-1c8">
         <name>.const:.string:$P$T3$4</name>
         <load_address>0x40cf</load_address>
         <run_address>0x40cf</run_address>
         <size>0x2</size>
         <input_file_ref idref="fl-8"/>
      </object_component>
      <object_component id="oc-1cb">
         <name>.const:.string:$P$T4$5</name>
         <load_address>0x40d1</load_address>
         <run_address>0x40d1</run_address>
         <size>0x2</size>
         <input_file_ref idref="fl-8"/>
      </object_component>
      <object_component id="oc-1ce">
         <name>.const:.string:$P$T5$6</name>
         <load_address>0x40d3</load_address>
         <run_address>0x40d3</run_address>
         <size>0x2</size>
         <input_file_ref idref="fl-8"/>
      </object_component>
      <object_component id="oc-1d1">
         <name>.const:.string:$P$T6$7</name>
         <load_address>0x40d5</load_address>
         <run_address>0x40d5</run_address>
         <size>0x2</size>
         <input_file_ref idref="fl-8"/>
      </object_component>
      <object_component id="oc-1d4">
         <name>.const:.string:$P$T7$8</name>
         <load_address>0x40d7</load_address>
         <run_address>0x40d7</run_address>
         <size>0x2</size>
         <input_file_ref idref="fl-8"/>
      </object_component>
      <object_component id="oc-1d7">
         <name>.const:.string:$P$T8$9</name>
         <load_address>0x40d9</load_address>
         <run_address>0x40d9</run_address>
         <size>0x2</size>
         <input_file_ref idref="fl-8"/>
      </object_component>
      <object_component id="oc-1da">
         <name>.const:.string:$P$T9$10</name>
         <load_address>0x40db</load_address>
         <run_address>0x40db</run_address>
         <size>0x2</size>
         <input_file_ref idref="fl-8"/>
      </object_component>
      <object_component id="oc-590">
         <name>.cinit..data.load</name>
         <load_address>0x40e0</load_address>
         <run_address>0x40e0</run_address>
         <size>0x119</size>
      </object_component>
      <object_component id="oc-58e">
         <name>__TI_handler_table</name>
         <load_address>0x41fc</load_address>
         <run_address>0x41fc</run_address>
         <size>0xc</size>
      </object_component>
      <object_component id="oc-591">
         <name>.cinit..bss.load</name>
         <load_address>0x4208</load_address>
         <run_address>0x4208</run_address>
         <size>0x8</size>
      </object_component>
      <object_component id="oc-58f">
         <name>__TI_cinit_table</name>
         <load_address>0x4210</load_address>
         <run_address>0x4210</run_address>
         <size>0x10</size>
      </object_component>
      <object_component id="oc-562">
         <name>.binit</name>
         <load_address>0x0</load_address>
         <run_address>0x0</run_address>
         <size>0x0</size>
      </object_component>
      <object_component id="oc-215">
         <name>.data:bored</name>
         <load_address>0x20000000</load_address>
         <run_address>0x20000000</run_address>
         <size>0x180</size>
         <input_file_ref idref="fl-2"/>
      </object_component>
      <object_component id="oc-21b">
         <name>.data:happy</name>
         <load_address>0x20000180</load_address>
         <run_address>0x20000180</run_address>
         <size>0x180</size>
         <input_file_ref idref="fl-2"/>
      </object_component>
      <object_component id="oc-221">
         <name>.data:neutral</name>
         <load_address>0x20000300</load_address>
         <run_address>0x20000300</run_address>
         <size>0x180</size>
         <input_file_ref idref="fl-2"/>
      </object_component>
      <object_component id="oc-21e">
         <name>.data:scared</name>
         <load_address>0x20000480</load_address>
         <run_address>0x20000480</run_address>
         <size>0x180</size>
         <input_file_ref idref="fl-2"/>
      </object_component>
      <object_component id="oc-218">
         <name>.data:surprised</name>
         <load_address>0x20000600</load_address>
         <run_address>0x20000600</run_address>
         <size>0x180</size>
         <input_file_ref idref="fl-2"/>
      </object_component>
      <object_component id="oc-15f">
         <name>.data</name>
         <load_address>0x20000968</load_address>
         <run_address>0x20000968</run_address>
         <size>0x4</size>
         <input_file_ref idref="fl-d"/>
      </object_component>
      <object_component id="oc-226">
         <name>.data:$O1$$</name>
         <load_address>0x20000948</load_address>
         <run_address>0x20000948</run_address>
         <size>0xc</size>
         <input_file_ref idref="fl-dc"/>
      </object_component>
      <object_component id="oc-229">
         <name>.data:$O1$$</name>
         <load_address>0x20000954</load_address>
         <run_address>0x20000954</run_address>
         <size>0x8</size>
         <input_file_ref idref="fl-dd"/>
      </object_component>
      <object_component id="oc-1a4">
         <name>.data:_ftable</name>
         <load_address>0x20000780</load_address>
         <run_address>0x20000780</run_address>
         <size>0xf0</size>
         <input_file_ref idref="fl-e2"/>
      </object_component>
      <object_component id="oc-2b2">
         <name>.data</name>
         <load_address>0x20000938</load_address>
         <run_address>0x20000938</run_address>
         <size>0x10</size>
         <input_file_ref idref="fl-e2"/>
      </object_component>
      <object_component id="oc-4cf">
         <name>.data:$O1$$</name>
         <load_address>0x2000095c</load_address>
         <run_address>0x2000095c</run_address>
         <size>0x8</size>
         <input_file_ref idref="fl-e5"/>
      </object_component>
      <object_component id="oc-3a9">
         <name>.data</name>
         <load_address>0x20000964</load_address>
         <run_address>0x20000964</run_address>
         <size>0x4</size>
         <input_file_ref idref="fl-e8"/>
      </object_component>
      <object_component id="oc-457">
         <name>.data:_device</name>
         <load_address>0x20000870</load_address>
         <run_address>0x20000870</run_address>
         <size>0x78</size>
         <input_file_ref idref="fl-eb"/>
      </object_component>
      <object_component id="oc-3d0">
         <name>.data:_stream</name>
         <load_address>0x200008e8</load_address>
         <run_address>0x200008e8</run_address>
         <size>0x50</size>
         <input_file_ref idref="fl-eb"/>
      </object_component>
      <object_component id="oc-dc">
         <name>.bss:i2c_payload_struct</name>
         <uninitialized>true</uninitialized>
         <run_address>0x20000f30</run_address>
         <size>0x14</size>
         <input_file_ref idref="fl-6"/>
      </object_component>
      <object_component id="oc-51b">
         <name>.bss:_CIOBUF_</name>
         <uninitialized>true</uninitialized>
         <run_address>0x20000d70</run_address>
         <size>0x120</size>
         <input_file_ref idref="fl-100"/>
      </object_component>
      <object_component id="oc-211">
         <name>.common:currentEmotion</name>
         <uninitialized>true</uninitialized>
         <run_address>0x20000f4c</run_address>
         <size>0x4</size>
      </object_component>
      <object_component id="oc-214">
         <name>.common:previousEmotion</name>
         <uninitialized>true</uninitialized>
         <run_address>0x20000f58</run_address>
         <size>0x4</size>
      </object_component>
      <object_component id="oc-cf">
         <name>.common:miliseconds</name>
         <uninitialized>true</uninitialized>
         <run_address>0x20000f54</run_address>
         <size>0x4</size>
      </object_component>
      <object_component id="oc-c5">
         <name>.common:distance</name>
         <uninitialized>true</uninitialized>
         <run_address>0x20000f50</run_address>
         <size>0x4</size>
      </object_component>
      <object_component id="oc-ce">
         <name>.common:sensor</name>
         <uninitialized>true</uninitialized>
         <run_address>0x20000f5c</run_address>
         <size>0x4</size>
      </object_component>
      <object_component id="oc-311">
         <name>.common:z_val</name>
         <uninitialized>true</uninitialized>
         <run_address>0x20000f60</run_address>
         <size>0x2</size>
      </object_component>
      <object_component id="oc-4e7">
         <name>.common:__TI_tmpnams</name>
         <uninitialized>true</uninitialized>
         <run_address>0x20000e90</run_address>
         <size>0xa0</size>
      </object_component>
      <object_component id="oc-4f6">
         <name>.common:parmbuf</name>
         <uninitialized>true</uninitialized>
         <run_address>0x20000f44</run_address>
         <size>0x8</size>
      </object_component>
      <object_component id="oc-29">
         <name>.sysmem</name>
         <uninitialized>true</uninitialized>
         <run_address>0x20000970</run_address>
         <size>0x10</size>
         <input_file_ref idref="fl-e5"/>
      </object_component>
      <object_component id="oc-594">
         <name>.sysmem</name>
         <uninitialized>true</uninitialized>
         <run_address>0x20000970</run_address>
         <size>0x0</size>
      </object_component>
      <object_component id="oc-2c">
         <name>.stack</name>
         <uninitialized>true</uninitialized>
         <run_address>0x2000fe00</run_address>
         <size>0x4</size>
         <input_file_ref idref="fl-e9"/>
      </object_component>
      <object_component id="oc-593">
         <name>.stack</name>
         <uninitialized>true</uninitialized>
         <run_address>0x2000fe00</run_address>
         <size>0x0</size>
      </object_component>
      <object_component id="oc-c6">
         <name>.debug_info</name>
         <load_address>0x0</load_address>
         <run_address>0x0</run_address>
         <size>0x69c</size>
         <input_file_ref idref="fl-2"/>
      </object_component>
      <object_component id="oc-216">
         <name>.debug_info</name>
         <load_address>0x69c</load_address>
         <run_address>0x69c</run_address>
         <size>0xee</size>
         <input_file_ref idref="fl-2"/>
      </object_component>
      <object_component id="oc-21c">
         <name>.debug_info</name>
         <load_address>0x78a</load_address>
         <run_address>0x78a</run_address>
         <size>0xee</size>
         <input_file_ref idref="fl-2"/>
      </object_component>
      <object_component id="oc-222">
         <name>.debug_info</name>
         <load_address>0x878</load_address>
         <run_address>0x878</run_address>
         <size>0xf2</size>
         <input_file_ref idref="fl-2"/>
      </object_component>
      <object_component id="oc-21f">
         <name>.debug_info</name>
         <load_address>0x96a</load_address>
         <run_address>0x96a</run_address>
         <size>0xf0</size>
         <input_file_ref idref="fl-2"/>
      </object_component>
      <object_component id="oc-219">
         <name>.debug_info</name>
         <load_address>0xa5a</load_address>
         <run_address>0xa5a</run_address>
         <size>0xf6</size>
         <input_file_ref idref="fl-2"/>
      </object_component>
      <object_component id="oc-116">
         <name>.debug_info</name>
         <load_address>0xb50</load_address>
         <run_address>0xb50</run_address>
         <size>0x143</size>
         <input_file_ref idref="fl-2"/>
      </object_component>
      <object_component id="oc-e8">
         <name>.debug_info</name>
         <load_address>0xc93</load_address>
         <run_address>0xc93</run_address>
         <size>0x26b</size>
         <input_file_ref idref="fl-2"/>
      </object_component>
      <object_component id="oc-183">
         <name>.debug_info</name>
         <load_address>0xefe</load_address>
         <run_address>0xefe</run_address>
         <size>0x1055</size>
         <input_file_ref idref="fl-2"/>
      </object_component>
      <object_component id="oc-17e">
         <name>.debug_info</name>
         <load_address>0x1f53</load_address>
         <run_address>0x1f53</run_address>
         <size>0x37e2</size>
         <input_file_ref idref="fl-2"/>
      </object_component>
      <object_component id="oc-11c">
         <name>.debug_info</name>
         <load_address>0x5735</load_address>
         <run_address>0x5735</run_address>
         <size>0x151</size>
         <input_file_ref idref="fl-2"/>
      </object_component>
      <object_component id="oc-e1">
         <name>.debug_info</name>
         <load_address>0x5886</load_address>
         <run_address>0x5886</run_address>
         <size>0x8b</size>
         <input_file_ref idref="fl-2"/>
      </object_component>
      <object_component id="oc-193">
         <name>.debug_info</name>
         <load_address>0x5911</load_address>
         <run_address>0x5911</run_address>
         <size>0x2a4</size>
         <input_file_ref idref="fl-2"/>
      </object_component>
      <object_component id="oc-d1">
         <name>.debug_info</name>
         <load_address>0x5bb5</load_address>
         <run_address>0x5bb5</run_address>
         <size>0xbb</size>
         <input_file_ref idref="fl-2"/>
      </object_component>
      <object_component id="oc-177">
         <name>.debug_info</name>
         <load_address>0x5c70</load_address>
         <run_address>0x5c70</run_address>
         <size>0x2c</size>
         <input_file_ref idref="fl-2"/>
      </object_component>
      <object_component id="oc-c8">
         <name>.debug_info</name>
         <load_address>0x5c9c</load_address>
         <run_address>0x5c9c</run_address>
         <size>0x61e</size>
         <input_file_ref idref="fl-3"/>
      </object_component>
      <object_component id="oc-20c">
         <name>.debug_info</name>
         <load_address>0x62ba</load_address>
         <run_address>0x62ba</run_address>
         <size>0x140</size>
         <input_file_ref idref="fl-3"/>
      </object_component>
      <object_component id="oc-ca">
         <name>.debug_info</name>
         <load_address>0x63fa</load_address>
         <run_address>0x63fa</run_address>
         <size>0x603</size>
         <input_file_ref idref="fl-4"/>
      </object_component>
      <object_component id="oc-18c">
         <name>.debug_info</name>
         <load_address>0x69fd</load_address>
         <run_address>0x69fd</run_address>
         <size>0x35</size>
         <input_file_ref idref="fl-4"/>
      </object_component>
      <object_component id="oc-cc">
         <name>.debug_info</name>
         <load_address>0x6a32</load_address>
         <run_address>0x6a32</run_address>
         <size>0x636</size>
         <input_file_ref idref="fl-5"/>
      </object_component>
      <object_component id="oc-72">
         <name>.debug_info</name>
         <load_address>0x7068</load_address>
         <run_address>0x7068</run_address>
         <size>0x37f</size>
         <input_file_ref idref="fl-5"/>
      </object_component>
      <object_component id="oc-35">
         <name>.debug_info</name>
         <load_address>0x73e7</load_address>
         <run_address>0x73e7</run_address>
         <size>0x84</size>
         <input_file_ref idref="fl-5"/>
      </object_component>
      <object_component id="oc-e0">
         <name>.debug_info</name>
         <load_address>0x746b</load_address>
         <run_address>0x746b</run_address>
         <size>0x5b2</size>
         <input_file_ref idref="fl-6"/>
      </object_component>
      <object_component id="oc-dd">
         <name>.debug_info</name>
         <load_address>0x7a1d</load_address>
         <run_address>0x7a1d</run_address>
         <size>0x103</size>
         <input_file_ref idref="fl-6"/>
      </object_component>
      <object_component id="oc-77">
         <name>.debug_info</name>
         <load_address>0x7b20</load_address>
         <run_address>0x7b20</run_address>
         <size>0x63d</size>
         <input_file_ref idref="fl-6"/>
      </object_component>
      <object_component id="oc-212">
         <name>.debug_info</name>
         <load_address>0x815d</load_address>
         <run_address>0x815d</run_address>
         <size>0x683</size>
         <input_file_ref idref="fl-7"/>
      </object_component>
      <object_component id="oc-a7">
         <name>.debug_info</name>
         <load_address>0x87e0</load_address>
         <run_address>0x87e0</run_address>
         <size>0x189</size>
         <input_file_ref idref="fl-7"/>
      </object_component>
      <object_component id="oc-202">
         <name>.debug_info</name>
         <load_address>0x8969</load_address>
         <run_address>0x8969</run_address>
         <size>0x5cc</size>
         <input_file_ref idref="fl-8"/>
      </object_component>
      <object_component id="oc-1c0">
         <name>.debug_info</name>
         <load_address>0x8f35</load_address>
         <run_address>0x8f35</run_address>
         <size>0xee</size>
         <input_file_ref idref="fl-8"/>
      </object_component>
      <object_component id="oc-1c3">
         <name>.debug_info</name>
         <load_address>0x9023</load_address>
         <run_address>0x9023</run_address>
         <size>0xee</size>
         <input_file_ref idref="fl-8"/>
      </object_component>
      <object_component id="oc-1c6">
         <name>.debug_info</name>
         <load_address>0x9111</load_address>
         <run_address>0x9111</run_address>
         <size>0xee</size>
         <input_file_ref idref="fl-8"/>
      </object_component>
      <object_component id="oc-1c9">
         <name>.debug_info</name>
         <load_address>0x91ff</load_address>
         <run_address>0x91ff</run_address>
         <size>0xee</size>
         <input_file_ref idref="fl-8"/>
      </object_component>
      <object_component id="oc-1cc">
         <name>.debug_info</name>
         <load_address>0x92ed</load_address>
         <run_address>0x92ed</run_address>
         <size>0xee</size>
         <input_file_ref idref="fl-8"/>
      </object_component>
      <object_component id="oc-1cf">
         <name>.debug_info</name>
         <load_address>0x93db</load_address>
         <run_address>0x93db</run_address>
         <size>0xee</size>
         <input_file_ref idref="fl-8"/>
      </object_component>
      <object_component id="oc-1d2">
         <name>.debug_info</name>
         <load_address>0x94c9</load_address>
         <run_address>0x94c9</run_address>
         <size>0xee</size>
         <input_file_ref idref="fl-8"/>
      </object_component>
      <object_component id="oc-1d5">
         <name>.debug_info</name>
         <load_address>0x95b7</load_address>
         <run_address>0x95b7</run_address>
         <size>0xee</size>
         <input_file_ref idref="fl-8"/>
      </object_component>
      <object_component id="oc-1d8">
         <name>.debug_info</name>
         <load_address>0x96a5</load_address>
         <run_address>0x96a5</run_address>
         <size>0xee</size>
         <input_file_ref idref="fl-8"/>
      </object_component>
      <object_component id="oc-1db">
         <name>.debug_info</name>
         <load_address>0x9793</load_address>
         <run_address>0x9793</run_address>
         <size>0xf0</size>
         <input_file_ref idref="fl-8"/>
      </object_component>
      <object_component id="oc-1de">
         <name>.debug_info</name>
         <load_address>0x9883</load_address>
         <run_address>0x9883</run_address>
         <size>0xf2</size>
         <input_file_ref idref="fl-8"/>
      </object_component>
      <object_component id="oc-1e1">
         <name>.debug_info</name>
         <load_address>0x9975</load_address>
         <run_address>0x9975</run_address>
         <size>0xf2</size>
         <input_file_ref idref="fl-8"/>
      </object_component>
      <object_component id="oc-1e4">
         <name>.debug_info</name>
         <load_address>0x9a67</load_address>
         <run_address>0x9a67</run_address>
         <size>0xf2</size>
         <input_file_ref idref="fl-8"/>
      </object_component>
      <object_component id="oc-1e7">
         <name>.debug_info</name>
         <load_address>0x9b59</load_address>
         <run_address>0x9b59</run_address>
         <size>0xf2</size>
         <input_file_ref idref="fl-8"/>
      </object_component>
      <object_component id="oc-1ea">
         <name>.debug_info</name>
         <load_address>0x9c4b</load_address>
         <run_address>0x9c4b</run_address>
         <size>0xf2</size>
         <input_file_ref idref="fl-8"/>
      </object_component>
      <object_component id="oc-1ed">
         <name>.debug_info</name>
         <load_address>0x9d3d</load_address>
         <run_address>0x9d3d</run_address>
         <size>0xf2</size>
         <input_file_ref idref="fl-8"/>
      </object_component>
      <object_component id="oc-1f0">
         <name>.debug_info</name>
         <load_address>0x9e2f</load_address>
         <run_address>0x9e2f</run_address>
         <size>0xf2</size>
         <input_file_ref idref="fl-8"/>
      </object_component>
      <object_component id="oc-1f3">
         <name>.debug_info</name>
         <load_address>0x9f21</load_address>
         <run_address>0x9f21</run_address>
         <size>0xf2</size>
         <input_file_ref idref="fl-8"/>
      </object_component>
      <object_component id="oc-1f6">
         <name>.debug_info</name>
         <load_address>0xa013</load_address>
         <run_address>0xa013</run_address>
         <size>0xf2</size>
         <input_file_ref idref="fl-8"/>
      </object_component>
      <object_component id="oc-1f9">
         <name>.debug_info</name>
         <load_address>0xa105</load_address>
         <run_address>0xa105</run_address>
         <size>0xf2</size>
         <input_file_ref idref="fl-8"/>
      </object_component>
      <object_component id="oc-1fc">
         <name>.debug_info</name>
         <load_address>0xa1f7</load_address>
         <run_address>0xa1f7</run_address>
         <size>0xf2</size>
         <input_file_ref idref="fl-8"/>
      </object_component>
      <object_component id="oc-1ff">
         <name>.debug_info</name>
         <load_address>0xa2e9</load_address>
         <run_address>0xa2e9</run_address>
         <size>0xf2</size>
         <input_file_ref idref="fl-8"/>
      </object_component>
      <object_component id="oc-1b1">
         <name>.debug_info</name>
         <load_address>0xa3db</load_address>
         <run_address>0xa3db</run_address>
         <size>0xf2</size>
         <input_file_ref idref="fl-8"/>
      </object_component>
      <object_component id="oc-1b4">
         <name>.debug_info</name>
         <load_address>0xa4cd</load_address>
         <run_address>0xa4cd</run_address>
         <size>0xf2</size>
         <input_file_ref idref="fl-8"/>
      </object_component>
      <object_component id="oc-1b7">
         <name>.debug_info</name>
         <load_address>0xa5bf</load_address>
         <run_address>0xa5bf</run_address>
         <size>0xf2</size>
         <input_file_ref idref="fl-8"/>
      </object_component>
      <object_component id="oc-1ba">
         <name>.debug_info</name>
         <load_address>0xa6b1</load_address>
         <run_address>0xa6b1</run_address>
         <size>0xf2</size>
         <input_file_ref idref="fl-8"/>
      </object_component>
      <object_component id="oc-1bd">
         <name>.debug_info</name>
         <load_address>0xa7a3</load_address>
         <run_address>0xa7a3</run_address>
         <size>0xf2</size>
         <input_file_ref idref="fl-8"/>
      </object_component>
      <object_component id="oc-1ae">
         <name>.debug_info</name>
         <load_address>0xa895</load_address>
         <run_address>0xa895</run_address>
         <size>0xf2</size>
         <input_file_ref idref="fl-8"/>
      </object_component>
      <object_component id="oc-10c">
         <name>.debug_info</name>
         <load_address>0xa987</load_address>
         <run_address>0xa987</run_address>
         <size>0x91a</size>
         <input_file_ref idref="fl-8"/>
      </object_component>
      <object_component id="oc-2fc">
         <name>.debug_info</name>
         <load_address>0xb2a1</load_address>
         <run_address>0xb2a1</run_address>
         <size>0x37e2</size>
         <input_file_ref idref="fl-8"/>
      </object_component>
      <object_component id="oc-20a">
         <name>.debug_info</name>
         <load_address>0xea83</load_address>
         <run_address>0xea83</run_address>
         <size>0x5ed</size>
         <input_file_ref idref="fl-b"/>
      </object_component>
      <object_component id="oc-111">
         <name>.debug_info</name>
         <load_address>0xf070</load_address>
         <run_address>0xf070</run_address>
         <size>0x44f</size>
         <input_file_ref idref="fl-b"/>
      </object_component>
      <object_component id="oc-7e">
         <name>.debug_info</name>
         <load_address>0xf4bf</load_address>
         <run_address>0xf4bf</run_address>
         <size>0x2e8</size>
         <input_file_ref idref="fl-c"/>
      </object_component>
      <object_component id="oc-27">
         <name>.debug_info</name>
         <load_address>0xf7a7</load_address>
         <run_address>0xf7a7</run_address>
         <size>0x114</size>
         <input_file_ref idref="fl-c"/>
      </object_component>
      <object_component id="oc-6b">
         <name>.debug_info</name>
         <load_address>0xf8bb</load_address>
         <run_address>0xf8bb</run_address>
         <size>0x1db</size>
         <input_file_ref idref="fl-c"/>
      </object_component>
      <object_component id="oc-160">
         <name>.debug_info</name>
         <load_address>0xfa96</load_address>
         <run_address>0xfa96</run_address>
         <size>0x10d</size>
         <input_file_ref idref="fl-d"/>
      </object_component>
      <object_component id="oc-ba">
         <name>.debug_info</name>
         <load_address>0xfba3</load_address>
         <run_address>0xfba3</run_address>
         <size>0x279</size>
         <input_file_ref idref="fl-d"/>
      </object_component>
      <object_component id="oc-30e">
         <name>.debug_info</name>
         <load_address>0xfe1c</load_address>
         <run_address>0xfe1c</run_address>
         <size>0x3e5</size>
         <input_file_ref idref="fl-c9"/>
      </object_component>
      <object_component id="oc-30a">
         <name>.debug_info</name>
         <load_address>0x10201</load_address>
         <run_address>0x10201</run_address>
         <size>0x157</size>
         <input_file_ref idref="fl-c9"/>
      </object_component>
      <object_component id="oc-302">
         <name>.debug_info</name>
         <load_address>0x10358</load_address>
         <run_address>0x10358</run_address>
         <size>0x166</size>
         <input_file_ref idref="fl-c9"/>
      </object_component>
      <object_component id="oc-204">
         <name>.debug_info</name>
         <load_address>0x104be</load_address>
         <run_address>0x104be</run_address>
         <size>0x1ac</size>
         <input_file_ref idref="fl-c9"/>
      </object_component>
      <object_component id="oc-2bd">
         <name>.debug_info</name>
         <load_address>0x1066a</load_address>
         <run_address>0x1066a</run_address>
         <size>0xb2</size>
         <input_file_ref idref="fl-c9"/>
      </object_component>
      <object_component id="oc-289">
         <name>.debug_info</name>
         <load_address>0x1071c</load_address>
         <run_address>0x1071c</run_address>
         <size>0x590</size>
         <input_file_ref idref="fl-ca"/>
      </object_component>
      <object_component id="oc-254">
         <name>.debug_info</name>
         <load_address>0x10cac</load_address>
         <run_address>0x10cac</run_address>
         <size>0x21e</size>
         <input_file_ref idref="fl-ca"/>
      </object_component>
      <object_component id="oc-373">
         <name>.debug_info</name>
         <load_address>0x10eca</load_address>
         <run_address>0x10eca</run_address>
         <size>0x1b3</size>
         <input_file_ref idref="fl-ca"/>
      </object_component>
      <object_component id="oc-379">
         <name>.debug_info</name>
         <load_address>0x1107d</load_address>
         <run_address>0x1107d</run_address>
         <size>0x21b</size>
         <input_file_ref idref="fl-ca"/>
      </object_component>
      <object_component id="oc-25f">
         <name>.debug_info</name>
         <load_address>0x11298</load_address>
         <run_address>0x11298</run_address>
         <size>0x3c0</size>
         <input_file_ref idref="fl-ca"/>
      </object_component>
      <object_component id="oc-380">
         <name>.debug_info</name>
         <load_address>0x11658</load_address>
         <run_address>0x11658</run_address>
         <size>0x30a</size>
         <input_file_ref idref="fl-ca"/>
      </object_component>
      <object_component id="oc-386">
         <name>.debug_info</name>
         <load_address>0x11962</load_address>
         <run_address>0x11962</run_address>
         <size>0x215</size>
         <input_file_ref idref="fl-ca"/>
      </object_component>
      <object_component id="oc-265">
         <name>.debug_info</name>
         <load_address>0x11b77</load_address>
         <run_address>0x11b77</run_address>
         <size>0x215</size>
         <input_file_ref idref="fl-ca"/>
      </object_component>
      <object_component id="oc-26b">
         <name>.debug_info</name>
         <load_address>0x11d8c</load_address>
         <run_address>0x11d8c</run_address>
         <size>0x304</size>
         <input_file_ref idref="fl-ca"/>
      </object_component>
      <object_component id="oc-271">
         <name>.debug_info</name>
         <load_address>0x12090</load_address>
         <run_address>0x12090</run_address>
         <size>0x4b5</size>
         <input_file_ref idref="fl-ca"/>
      </object_component>
      <object_component id="oc-164">
         <name>.debug_info</name>
         <load_address>0x12545</load_address>
         <run_address>0x12545</run_address>
         <size>0x5f4</size>
         <input_file_ref idref="fl-ca"/>
      </object_component>
      <object_component id="oc-28a">
         <name>.debug_info</name>
         <load_address>0x12b39</load_address>
         <run_address>0x12b39</run_address>
         <size>0x86</size>
         <input_file_ref idref="fl-ca"/>
      </object_component>
      <object_component id="oc-3b5">
         <name>.debug_info</name>
         <load_address>0x12bbf</load_address>
         <run_address>0x12bbf</run_address>
         <size>0x39</size>
         <input_file_ref idref="fl-ca"/>
      </object_component>
      <object_component id="oc-42d">
         <name>.debug_info</name>
         <load_address>0x12bf8</load_address>
         <run_address>0x12bf8</run_address>
         <size>0xb6</size>
         <input_file_ref idref="fl-ca"/>
      </object_component>
      <object_component id="oc-3ba">
         <name>.debug_info</name>
         <load_address>0x12cae</load_address>
         <run_address>0x12cae</run_address>
         <size>0x46</size>
[...]
      </symbol>
      <symbol id="sm-576">
         <name>__aeabi_i2d</name>
         <value>0x3d3d</value>
         <object_component_ref idref="oc-368"/>
      </symbol>
      <symbol id="sm-591">
         <name>memcpy</name>
         <value>0x2e47</value>
         <object_component_ref idref="oc-3a"/>
      </symbol>
      <symbol id="sm-592">
         <name>__aeabi_memcpy</name>
         <value>0x2e47</value>
         <object_component_ref idref="oc-3a"/>
      </symbol>
      <symbol id="sm-593">
         <name>__aeabi_memcpy8</name>
         <value>0x2e47</value>
         <object_component_ref idref="oc-3a"/>
      </symbol>
      <symbol id="sm-594">
         <name>__aeabi_memcpy4</name>
         <value>0x2e47</value>
         <object_component_ref idref="oc-3a"/>
      </symbol>
      <symbol id="sm-5a3">
         <name>__aeabi_memset</name>
         <value>0x318f</value>
         <object_component_ref idref="oc-9a"/>
      </symbol>
      <symbol id="sm-5a4">
         <name>memset</name>
         <value>0x3195</value>
         <object_component_ref idref="oc-9a"/>
      </symbol>
      <symbol id="sm-5a5">
         <name>__aeabi_memset8</name>
         <value>0x318f</value>
         <object_component_ref idref="oc-9a"/>
      </symbol>
      <symbol id="sm-5a6">
         <name>__aeabi_memset4</name>
         <value>0x318f</value>
         <object_component_ref idref="oc-9a"/>
      </symbol>
      <symbol id="sm-5a7">
         <name>__aeabi_memclr8</name>
         <value>0x318d</value>
         <object_component_ref idref="oc-9a"/>
      </symbol>
      <symbol id="sm-5a8">
         <name>__aeabi_memclr4</name>
         <value>0x318d</value>
         <object_component_ref idref="oc-9a"/>
      </symbol>
      <symbol id="sm-5a9">
         <name>__aeabi_memclr</name>
         <value>0x318d</value>
         <object_component_ref idref="oc-9a"/>
      </symbol>
      <symbol id="sm-5b6">
         <name>__aeabi_uldivmod</name>
         <value>0x2ee3</value>
         <object_component_ref idref="oc-347"/>
      </symbol>
      <symbol id="sm-5ca">
         <name>__TI_zero_init_nomemset</name>
         <value>0x3e71</value>
         <object_component_ref idref="oc-46"/>
      </symbol>
      <symbol id="sm-5e1">
         <name>__TI_decompress_none</name>
         <value>0x3f5f</value>
         <object_component_ref idref="oc-1d"/>
      </symbol>
      <symbol id="sm-604">
         <name>__TI_decompress_lzss</name>
         <value>0x3431</value>
         <object_component_ref idref="oc-17"/>
      </symbol>
      <symbol id="sm-62a">
         <name>C$$EXIT</name>
         <value>0x3fa1</value>
         <object_component_ref idref="oc-121"/>
      </symbol>
      <symbol id="sm-62b">
         <name>abort</name>
         <value>0x3fa1</value>
         <object_component_ref idref="oc-121"/>
      </symbol>
      <symbol id="sm-62c">
         <name>__TI_dtors_ptr</name>
         <value>0x2000094c</value>
         <object_component_ref idref="oc-226"/>
      </symbol>
      <symbol id="sm-62d">
         <name>__TI_cleanup_ptr</name>
         <value>0x20000948</value>
         <object_component_ref idref="oc-226"/>
      </symbol>
      <symbol id="sm-62e">
         <name>__TI_enable_exit_profile_output</name>
         <value>0x20000950</value>
         <object_component_ref idref="oc-226"/>
      </symbol>
      <symbol id="sm-62f">
         <name>exit</name>
         <value>0x39e1</value>
         <object_component_ref idref="oc-127"/>
      </symbol>
      <symbol id="sm-644">
         <name>_nop</name>
         <value>0xb33</value>
         <object_component_ref idref="oc-321"/>
      </symbol>
      <symbol id="sm-645">
         <name>_lock</name>
         <value>0x20000954</value>
         <object_component_ref idref="oc-229"/>
      </symbol>
      <symbol id="sm-646">
         <name>_unlock</name>
         <value>0x20000958</value>
         <object_component_ref idref="oc-229"/>
      </symbol>
      <symbol id="sm-655">
         <name>__TI_ltoa</name>
         <value>0x384b</value>
         <object_component_ref idref="oc-362"/>
      </symbol>
      <symbol id="sm-664">
         <name>_abort_msg</name>
         <value>0x3e55</value>
         <object_component_ref idref="oc-d6"/>
      </symbol>
      <symbol id="sm-67a">
         <name>atoi</name>
         <value>0x3995</value>
         <object_component_ref idref="oc-24d"/>
      </symbol>
      <symbol id="sm-685">
         <name>_ctypes_</name>
         <value>0x3fa4</value>
         <object_component_ref idref="oc-342"/>
      </symbol>
      <symbol id="sm-69a">
         <name>__TI_tmpnams</name>
         <value>0x20000e90</value>
      </symbol>
      <symbol id="sm-69b">
         <name>__aeabi_stdout</name>
         <value>0x20000940</value>
         <object_component_ref idref="oc-2b2"/>
      </symbol>
      <symbol id="sm-69c">
         <name>__aeabi_stderr</name>
         <value>0x20000944</value>
         <object_component_ref idref="oc-2b2"/>
      </symbol>
      <symbol id="sm-69d">
         <name>__aeabi_stdin</name>
         <value>0x2000093c</value>
         <object_component_ref idref="oc-2b2"/>
      </symbol>
      <symbol id="sm-69e">
         <name>_ftable</name>
         <value>0x20000780</value>
         <object_component_ref idref="oc-1a4"/>
      </symbol>
      <symbol id="sm-69f">
         <name>__TI_ft_end</name>
         <value>0x20000938</value>
         <object_component_ref idref="oc-2b2"/>
      </symbol>
      <symbol id="sm-6af">
         <name>memccpy</name>
         <value>0x3ea9</value>
         <object_component_ref idref="oc-276"/>
      </symbol>
      <symbol id="sm-6bf">
         <name>memchr</name>
         <value>0x3e35</value>
         <object_component_ref idref="oc-29e"/>
      </symbol>
      <symbol id="sm-748">
         <name>_sys_memory</name>
         <value>0x20000970</value>
         <object_component_ref idref="oc-29"/>
      </symbol>
      <symbol id="sm-749">
         <name>free</name>
         <value>0x2bd5</value>
         <object_component_ref idref="oc-43a"/>
      </symbol>
      <symbol id="sm-74a">
         <name>memalign</name>
         <value>0x29d9</value>
         <object_component_ref idref="oc-48d"/>
      </symbol>
      <symbol id="sm-74b">
         <name>malloc</name>
         <value>0x3f8d</value>
         <object_component_ref idref="oc-440"/>
      </symbol>
      <symbol id="sm-74c">
         <name>aligned_alloc</name>
         <value>0x29d9</value>
         <object_component_ref idref="oc-48d"/>
      </symbol>
      <symbol id="sm-75c">
         <name>strchr</name>
         <value>0x3f0f</value>
         <object_component_ref idref="oc-399"/>
      </symbol>
      <symbol id="sm-76a">
         <name>strlen</name>
         <value>0x3f39</value>
         <object_component_ref idref="oc-247"/>
      </symbol>
      <symbol id="sm-780">
         <name>__aeabi_errno_addr</name>
         <value>0x3f85</value>
         <object_component_ref idref="oc-282"/>
      </symbol>
      <symbol id="sm-781">
         <name>errno</name>
         <value>0x20000964</value>
         <object_component_ref idref="oc-3a9"/>
      </symbol>
      <symbol id="sm-794">
         <name>__stack</name>
         <value>0x2000fe00</value>
         <object_component_ref idref="oc-2c"/>
      </symbol>
      <symbol id="sm-795">
         <name>_c_int00_noargs</name>
         <value>0x3cd9</value>
         <object_component_ref idref="oc-58"/>
      </symbol>
      <symbol id="sm-7af">
         <name>write</name>
         <value>0x3de9</value>
         <object_component_ref idref="oc-2aa"/>
      </symbol>
      <symbol id="sm-7c0">
         <name>_stream</name>
         <value>0x200008e8</value>
         <object_component_ref idref="oc-3d0"/>
      </symbol>
      <symbol id="sm-7c1">
         <name>_device</name>
         <value>0x20000870</value>
         <object_component_ref idref="oc-457"/>
      </symbol>
      <symbol id="sm-7e2">
         <name>frexpl</name>
         <value>0x3501</value>
         <object_component_ref idref="oc-38d"/>
      </symbol>
      <symbol id="sm-7e3">
         <name>frexp</name>
         <value>0x3501</value>
         <object_component_ref idref="oc-38d"/>
      </symbol>
      <symbol id="sm-800">
         <name>scalbn</name>
         <value>0x28c9</value>
         <object_component_ref idref="oc-393"/>
      </symbol>
      <symbol id="sm-801">
         <name>scalbnl</name>
         <value>0x28c9</value>
         <object_component_ref idref="oc-393"/>
      </symbol>
      <symbol id="sm-802">
         <name>ldexpl</name>
         <value>0x28c9</value>
         <object_component_ref idref="oc-393"/>
      </symbol>
      <symbol id="sm-803">
         <name>ldexp</name>
         <value>0x28c9</value>
         <object_component_ref idref="oc-393"/>
      </symbol>
      <symbol id="sm-81c">
         <name>wcslen</name>
         <value>0x3f4d</value>
         <object_component_ref idref="oc-27c"/>
      </symbol>
      <symbol id="sm-826">
         <name>copysign</name>
         <value>0x3ec5</value>
         <object_component_ref idref="oc-416"/>
      </symbol>
      <symbol id="sm-827">
         <name>copysignl</name>
         <value>0x3ec5</value>
         <object_component_ref idref="oc-416"/>
      </symbol>
      <symbol id="sm-848">
         <name>__TI_doflush</name>
         <value>0x3947</value>
         <object_component_ref idref="oc-2a4"/>
      </symbol>
      <symbol id="sm-849">
         <name>fflush</name>
         <value>0x3111</value>
         <object_component_ref idref="oc-19e"/>
      </symbol>
      <symbol id="sm-859">
         <name>__TI_cleanup</name>
         <value>0x3c71</value>
         <object_component_ref idref="oc-446"/>
      </symbol>
      <symbol id="sm-86b">
         <name>fseek</name>
         <value>0x3565</value>
         <object_component_ref idref="oc-3bf"/>
      </symbol>
      <symbol id="sm-875">
         <name>__aeabi_idiv0</name>
         <value>0x241b</value>
         <object_component_ref idref="oc-3fd"/>
      </symbol>
      <symbol id="sm-876">
         <name>__aeabi_ldiv0</name>
         <value>0x241b</value>
         <object_component_ref idref="oc-3fd"/>
      </symbol>
      <symbol id="sm-89e">
         <name>__TI_auto_init_nobinit_nopinit</name>
         <value>0x3af9</value>
         <object_component_ref idref="oc-12d"/>
      </symbol>
      <symbol id="sm-8a8">
         <name>_system_pre_init</name>
         <value>0x3f9d</value>
         <object_component_ref idref="oc-a0"/>
      </symbol>
      <symbol id="sm-8bb">
         <name>HOSTclose</name>
         <value>0x3a71</value>
         <object_component_ref idref="oc-4a3"/>
      </symbol>
      <symbol id="sm-8cc">
         <name>HOSTlseek</name>
         <value>0x33c9</value>
         <object_component_ref idref="oc-4b5"/>
      </symbol>
      <symbol id="sm-8de">
         <name>parmbuf</name>
         <value>0x20000f44</value>
      </symbol>
      <symbol id="sm-8df">
         <name>HOSTopen</name>
         <value>0x362d</value>
         <object_component_ref idref="oc-49d"/>
      </symbol>
      <symbol id="sm-8f0">
         <name>HOSTread</name>
         <value>0x3745</value>
         <object_component_ref idref="oc-4a9"/>
      </symbol>
      <symbol id="sm-901">
         <name>HOSTrename</name>
         <value>0x335d</value>
         <object_component_ref idref="oc-4c1"/>
      </symbol>
      <symbol id="sm-912">
         <name>HOSTunlink</name>
         <value>0x3ab5</value>
         <object_component_ref idref="oc-4bb"/>
      </symbol>
      <symbol id="sm-923">
         <name>HOSTwrite</name>
         <value>0x379d</value>
         <object_component_ref idref="oc-4af"/>
      </symbol>
      <symbol id="sm-947">
         <name>__TI_readmsg</name>
         <value>0x3ca5</value>
         <object_component_ref idref="oc-4f0"/>
      </symbol>
      <symbol id="sm-948">
         <name>C$$IO$$</name>
         <value>0x3c2f</value>
         <object_component_ref idref="oc-4ea"/>
      </symbol>
      <symbol id="sm-949">
         <name>__CIOBUF_</name>
         <value>0x20000d70</value>
         <object_component_ref idref="oc-51b"/>
      </symbol>
      <symbol id="sm-94a">
         <name>__TI_writemsg</name>
         <value>0x3c01</value>
         <object_component_ref idref="oc-4ea"/>
      </symbol>
      <symbol id="sm-95b">
         <name>lseek</name>
         <value>0x3dc1</value>
         <object_component_ref idref="oc-432"/>
      </symbol>
      <symbol id="sm-970">
         <name>__TI_closefile</name>
         <value>0x3209</value>
         <object_component_ref idref="oc-494"/>
      </symbol>
      <symbol id="sm-993">
         <name>finddevice</name>
         <value>0x3d0d</value>
         <object_component_ref idref="oc-539"/>
      </symbol>
      <symbol id="sm-994">
         <name>getdevice</name>
         <value>0x3b3d</value>
         <object_component_ref idref="oc-511"/>
      </symbol>
      <symbol id="sm-9a3">
         <name>strcmp</name>
         <value>0x3ef7</value>
         <object_component_ref idref="oc-550"/>
      </symbol>
      <symbol id="sm-9b1">
         <name>strcpy</name>
         <value>0x3f25</value>
         <object_component_ref idref="oc-504"/>
      </symbol>
      <symbol id="sm-9c1">
         <name>strncpy</name>
         <value>0x3c39</value>
         <object_component_ref idref="oc-533"/>
      </symbol>
      <symbol id="sm-9d6">
         <name>close</name>
         <value>0x36e9</value>
         <object_component_ref idref="oc-4db"/>
      </symbol>
      <symbol id="sm-9e6">
         <name>unlink</name>
         <value>0x3d6d</value>
         <object_component_ref idref="oc-4e1"/>
      </symbol>
      <symbol id="sm-9e7">
         <name>__TI_static_base__</name>
         <value>0x0</value>
      </symbol>
      <symbol id="sm-9ea">
         <name>__mpu_init</name>
         <value>0x0</value>
      </symbol>
      <symbol id="sm-9eb">
         <name>_system_post_cinit</name>
         <value>0x0</value>
      </symbol>
      <symbol id="sm-9ec">
         <name>NMI_Handler</name>
         <value>0x3f79</value>
      </symbol>
      <symbol id="sm-9ed">
         <name>HardFault_Handler</name>
         <value>0x3f79</value>
      </symbol>
      <symbol id="sm-9ee">
         <name>MemManage_Handler</name>
         <value>0x3f79</value>
      </symbol>
      <symbol id="sm-9ef">
         <name>BusFault_Handler</name>
         <value>0x3f79</value>
      </symbol>
      <symbol id="sm-9f0">
         <name>UsageFault_Handler</name>
         <value>0x3f79</value>
      </symbol>
      <symbol id="sm-9f1">
         <name>SVC_Handler</name>
         <value>0x3f79</value>
      </symbol>
      <symbol id="sm-9f2">
         <name>DebugMon_Handler</name>
         <value>0x3f79</value>
      </symbol>
      <symbol id="sm-9f3">
         <name>PendSV_Handler</name>
         <value>0x3f79</value>
      </symbol>
      <symbol id="sm-9f4">
         <name>SysTick_Handler</name>
         <value>0x3f79</value>
      </symbol>
      <symbol id="sm-9f5">
         <name>PSS_IRQHandler</name>
         <value>0x3f79</value>
      </symbol>
      <symbol id="sm-9f6">
         <name>CS_IRQHandler</name>
         <value>0x3f79</value>
      </symbol>
      <symbol id="sm-9f7">
         <name>PCM_IRQHandler</name>
         <value>0x3f79</value>
      </symbol>
      <symbol id="sm-9f8">
         <name>WDT_A_IRQHandler</name>
         <value>0x3f79</value>
      </symbol>
      <symbol id="sm-9f9">
         <name>FPU_IRQHandler</name>
         <value>0x3f79</value>
      </symbol>
      <symbol id="sm-9fa">
         <name>FLCTL_IRQHandler</name>
         <value>0x3f79</value>
      </symbol>
      <symbol id="sm-9fb">
         <name>COMP_E0_IRQHandler</name>
         <value>0x3f79</value>
      </symbol>
      <symbol id="sm-9fc">
         <name>COMP_E1_IRQHandler</name>
         <value>0x3f79</value>
      </symbol>
      <symbol id="sm-9fd">
         <name>TA0_0_IRQHandler</name>
         <value>0x1e13</value>
      </symbol>
      <symbol id="sm-9fe">
         <name>TA0_N_IRQHandler</name>
         <value>0x3f79</value>
      </symbol>
      <symbol id="sm-9ff">
         <name>TA1_0_IRQHandler</name>
         <value>0x3f79</value>
      </symbol>
      <symbol id="sm-a00">
         <name>TA1_N_IRQHandler</name>
         <value>0x3f79</value>
      </symbol>
      <symbol id="sm-a01">
         <name>TA2_0_IRQHandler</name>
         <value>0x3f79</value>
      </symbol>
      <symbol id="sm-a02">
         <name>TA2_N_IRQHandler</name>
         <value>0x3f79</value>
      </symbol>
      <symbol id="sm-a03">
         <name>TA3_0_IRQHandler</name>
         <value>0x3f79</value>
      </symbol>
      <symbol id="sm-a04">
         <name>TA3_N_IRQHandler</name>
         <value>0x3f79</value>
      </symbol>
      <symbol id="sm-a05">
         <name>EUSCIA0_IRQHandler</name>
         <value>0x3f79</value>
      </symbol>
      <symbol id="sm-a06">
         <name>EUSCIA1_IRQHandler</name>
         <value>0x3f79</value>
      </symbol>
      <symbol id="sm-a07">
         <name>EUSCIA2_IRQHandler</name>
         <value>0x3f79</value>
      </symbol>
      <symbol id="sm-a08">
         <name>EUSCIA3_IRQHandler</name>
         <value>0x3f79</value>
      </symbol>
      <symbol id="sm-a09">
         <name>EUSCIB0_IRQHandler</name>
         <value>0x11f5</value>
      </symbol>
      <symbol id="sm-a0a">
         <name>EUSCIB1_IRQHandler</name>
         <value>0x10ed</value>
      </symbol>
      <symbol id="sm-a0b">
         <name>EUSCIB2_IRQHandler</name>
         <value>0x1015</value>
      </symbol>
      <symbol id="sm-a0c">
         <name>EUSCIB3_IRQHandler</name>
         <value>0xf01</value>
      </symbol>
      <symbol id="sm-a0d">
         <name>ADC14_IRQHandler</name>
         <value>0x3f79</value>
      </symbol>
      <symbol id="sm-a0e">
         <name>T32_INT1_IRQHandler</name>
         <value>0x3f79</value>
      </symbol>
      <symbol id="sm-a0f">
         <name>T32_INT2_IRQHandler</name>
         <value>0x3f79</value>
      </symbol>
      <symbol id="sm-a10">
         <name>T32_INTC_IRQHandler</name>
         <value>0x3f79</value>
      </symbol>
      <symbol id="sm-a11">
         <name>AES256_IRQHandler</name>
         <value>0x3f79</value>
      </symbol>
      <symbol id="sm-a12">
         <name>RTC_C_IRQHandler</name>
         <value>0x3f79</value>
      </symbol>
      <symbol id="sm-a13">
         <name>DMA_ERR_IRQHandler</name>
         <value>0x3f79</value>
      </symbol>
      <symbol id="sm-a14">
         <name>DMA_INT3_IRQHandler</name>
         <value>0x3f79</value>
      </symbol>
      <symbol id="sm-a15">
         <name>DMA_INT2_IRQHandler</name>
         <value>0x3f79</value>
      </symbol>
      <symbol id="sm-a16">
         <name>DMA_INT1_IRQHandler</name>
         <value>0x3f79</value>
      </symbol>
      <symbol id="sm-a17">
         <name>DMA_INT0_IRQHandler</name>
         <value>0x3f79</value>
      </symbol>
      <symbol id="sm-a18">
         <name>PORT1_IRQHandler</name>
         <value>0x3f79</value>
      </symbol>
      <symbol id="sm-a19">
         <name>PORT2_IRQHandler</name>
         <value>0x1e2d</value>
      </symbol>
      <symbol id="sm-a1a">
         <name>PORT3_IRQHandler</name>
         <value>0x3f79</value>
      </symbol>
      <symbol id="sm-a1b">
         <name>PORT4_IRQHandler</name>
         <value>0x3f79</value>
      </symbol>
      <symbol id="sm-a1c">
         <name>PORT5_IRQHandler</name>
         <value>0x3f79</value>
      </symbol>
      <symbol id="sm-a1d">
         <name>PORT6_IRQHandler</name>
         <value>0x3f79</value>
      </symbol>
      <symbol id="sm-a1e">
         <name>remove</name>
         <value>0x3d6d</value>
      </symbol>
   </symbol_table>
   <title>Link successful</title>
</link_info>
